\BOOKMARK [-1][-]{part.1}{\376\377\000I\000\040\000F\000o\000u\000n\000d\000a\000t\000i\000o\000n\000s\000\040\000o\000f\000\040\000S\000c\000e\000n\000a\000r\000i\000o\000\040\000E\000q\000u\000a\000t\000i\000o\000n\000\040\000B\000u\000i\000l\000d\000i\000n\000g}{}% 1
\BOOKMARK [0][-]{chapter.1}{\376\377\000I\000n\000t\000r\000o\000d\000u\000c\000t\000i\000o\000n\000\040\000t\000o\000\040\000S\000c\000e\000n\000a\000r\000i\000o\000\040\000E\000q\000u\000a\000t\000i\000o\000n\000s}{part.1}% 2
\BOOKMARK [1][-]{section.1.1}{\376\377\000C\000o\000r\000e\000\040\000N\000o\000t\000a\000t\000i\000o\000n\000\040\000R\000e\000f\000e\000r\000e\000n\000c\000e}{chapter.1}% 3
\BOOKMARK [2][-]{subsection.1.1.1}{\376\377\000F\000u\000n\000d\000a\000m\000e\000n\000t\000a\000l\000\040\000O\000p\000e\000r\000a\000t\000o\000r\000s}{section.1.1}% 4
\BOOKMARK [2][-]{subsection.1.1.2}{\376\377\000N\000o\000e\000t\000i\000c\000\040\000O\000p\000e\000r\000a\000t\000o\000r\000s}{section.1.1}% 5
\BOOKMARK [2][-]{subsection.1.1.3}{\376\377\000W\000o\000r\000l\000d\000\040\000N\000o\000t\000a\000t\000i\000o\000n}{section.1.1}% 6
\BOOKMARK [2][-]{subsection.1.1.4}{\376\377\000E\000l\000e\000m\000e\000n\000t\000\040\000N\000o\000t\000a\000t\000i\000o\000n}{section.1.1}% 7
\BOOKMARK [0][-]{chapter.2}{\376\377\000H\000i\000g\000h\000\040\000L\000a\000c\000u\000n\000a\000r\000i\000t\000y\000\040\000E\000q\000u\000a\000t\000i\000o\000n\000s}{part.1}% 8
\BOOKMARK [1][-]{section.2.1}{\376\377\000M\000a\000t\000h\000e\000m\000a\000t\000i\000c\000a\000l\000\040\000D\000e\000f\000i\000n\000i\000t\000i\000o\000n\000\040\000o\000f\000\040\000T\000K\000S\000\040\000L\000a\000c\000u\000n\000a\000r\000i\000t\000y}{chapter.2}% 9
\BOOKMARK [1][-]{section.2.2}{\376\377\000H\000i\000g\000h\000\040\000L\000a\000c\000u\000n\000a\000r\000i\000t\000y\000\040\000S\000c\000e\000n\000a\000r\000i\000o\000\040\000E\000q\000u\000a\000t\000i\000o\000n\000s}{chapter.2}% 10
\BOOKMARK [2][-]{subsection.2.2.1}{\376\377\000T\000y\000p\000e\000\040\0001\000:\000\040\000C\000o\000n\000s\000c\000i\000o\000u\000s\000n\000e\000s\000s\000\040\000G\000a\000p\000s}{section.2.2}% 11
\BOOKMARK [2][-]{subsection.2.2.2}{\376\377\000T\000y\000p\000e\000\040\0002\000:\000\040\000I\000r\000r\000e\000g\000u\000l\000a\000r\000\040\000M\000a\000n\000i\000f\000e\000s\000t\000a\000t\000i\000o\000n\000\040\000D\000i\000s\000t\000r\000i\000b\000u\000t\000i\000o\000n}{section.2.2}% 12
\BOOKMARK [2][-]{subsection.2.2.3}{\376\377\000T\000y\000p\000e\000\040\0003\000:\000\040\000T\000e\000m\000p\000o\000r\000a\000l\000\040\000L\000a\000c\000u\000n\000a\000r\000i\000t\000y}{section.2.2}% 13
\BOOKMARK [1][-]{section.2.3}{\376\377\000H\000i\000g\000h\000\040\000L\000a\000c\000u\000n\000a\000r\000i\000t\000y\000\040\000C\000l\000a\000s\000s\000i\000f\000i\000c\000a\000t\000i\000o\000n\000\040\000T\000a\000b\000l\000e}{chapter.2}% 14
\BOOKMARK [0][-]{chapter.3}{\376\377\000P\000s\000y\000c\000h\000o\000l\000o\000g\000i\000c\000a\000l\000\040\000A\000t\000t\000r\000a\000c\000t\000o\000r\000\040\000E\000q\000u\000a\000t\000i\000o\000n\000s\000\040\000\050\000p\000s\000y\000c\000h\000\137\000a\000t\000t\000r\000a\000c\000t\000o\000r\000\051}{part.1}% 15
\BOOKMARK [1][-]{section.3.1}{\376\377\000M\000a\000t\000h\000e\000m\000a\000t\000i\000c\000a\000l\000\040\000D\000e\000f\000i\000n\000i\000t\000i\000o\000n}{chapter.3}% 16
\BOOKMARK [1][-]{section.3.2}{\376\377\000P\000s\000y\000c\000h\000\137\000A\000t\000t\000r\000a\000c\000t\000o\000r\000\040\000S\000c\000e\000n\000a\000r\000i\000o\000\040\000E\000q\000u\000a\000t\000i\000o\000n\000s}{chapter.3}% 17
\BOOKMARK [2][-]{subsection.3.2.1}{\376\377\000T\000y\000p\000e\000\040\0001\000:\000\040\000F\000i\000x\000e\000d\000\040\000P\000o\000i\000n\000t\000\040\000A\000t\000t\000r\000a\000c\000t\000o\000r\000\040\000\050\000I\000d\000e\000n\000t\000i\000t\000y\000\040\000L\000o\000c\000k\000\051}{section.3.2}% 18
\BOOKMARK [2][-]{subsection.3.2.2}{\376\377\000T\000y\000p\000e\000\040\0002\000:\000\040\000L\000i\000m\000i\000t\000\040\000C\000y\000c\000l\000e\000\040\000A\000t\000t\000r\000a\000c\000t\000o\000r\000\040\000\050\000E\000m\000o\000t\000i\000o\000n\000a\000l\000\040\000O\000s\000c\000i\000l\000l\000a\000t\000i\000o\000n\000\051}{section.3.2}% 19
\BOOKMARK [2][-]{subsection.3.2.3}{\376\377\000T\000y\000p\000e\000\040\0003\000:\000\040\000S\000t\000r\000a\000n\000g\000e\000\040\000A\000t\000t\000r\000a\000c\000t\000o\000r\000\040\000\050\000C\000h\000a\000o\000t\000i\000c\000\040\000P\000e\000r\000s\000o\000n\000a\000l\000i\000t\000y\000\051}{section.3.2}% 20
\BOOKMARK [1][-]{section.3.3}{\376\377\000P\000s\000y\000c\000h\000\137\000A\000t\000t\000r\000a\000c\000t\000o\000r\000\040\000C\000o\000n\000s\000t\000r\000u\000c\000t\000i\000o\000n\000\040\000R\000u\000l\000e\000s}{chapter.3}% 21
\BOOKMARK [1][-]{section.3.4}{\376\377\000P\000s\000y\000c\000h\000\137\000A\000t\000t\000r\000a\000c\000t\000o\000r\000\040\000C\000l\000a\000s\000s\000i\000f\000i\000c\000a\000t\000i\000o\000n\000\040\000T\000a\000b\000l\000e}{chapter.3}% 22
\BOOKMARK [0][-]{chapter.4}{\376\377\000M\000a\000n\000i\000p\000u\000l\000a\000t\000i\000o\000n\000\040\000F\000r\000a\000c\000t\000a\000l\000\040\000E\000q\000u\000a\000t\000i\000o\000n\000s\000\040\000\050\000m\000a\000n\000i\000p\000u\000l\000a\000t\000i\000o\000n\000s\000\137\000f\000r\000a\000c\000t\000a\000l\000\051}{part.1}% 23
\BOOKMARK [1][-]{section.4.1}{\376\377\000M\000a\000t\000h\000e\000m\000a\000t\000i\000c\000a\000l\000\040\000D\000e\000f\000i\000n\000i\000t\000i\000o\000n}{chapter.4}% 24
\BOOKMARK [1][-]{section.4.2}{\376\377\000M\000a\000n\000i\000p\000u\000l\000a\000t\000i\000o\000n\000\137\000F\000r\000a\000c\000t\000a\000l\000\040\000S\000c\000e\000n\000a\000r\000i\000o\000\040\000E\000q\000u\000a\000t\000i\000o\000n\000s}{chapter.4}% 25
\BOOKMARK [2][-]{subsection.4.2.1}{\376\377\000T\000y\000p\000e\000\040\0001\000:\000\040\000S\000e\000l\000f\000-\000T\000r\000a\000n\000s\000f\000o\000r\000m\000a\000t\000i\000o\000n\000\040\000\050\000I\000n\000t\000e\000r\000n\000a\000l\000\051}{section.4.2}% 26
\BOOKMARK [2][-]{subsection.4.2.2}{\376\377\000T\000y\000p\000e\000\040\0002\000:\000\040\000B\000e\000l\000i\000e\000f\000\040\000R\000e\000s\000t\000r\000u\000c\000t\000u\000r\000i\000n\000g}{section.4.2}% 27
\BOOKMARK [2][-]{subsection.4.2.3}{\376\377\000T\000y\000p\000e\000\040\0003\000:\000\040\000H\000a\000b\000i\000t\000\040\000M\000o\000d\000i\000f\000i\000c\000a\000t\000i\000o\000n}{section.4.2}% 28
\BOOKMARK [2][-]{subsection.4.2.4}{\376\377\000T\000y\000p\000e\000\040\0004\000:\000\040\000T\000r\000a\000u\000m\000a\000\040\000P\000r\000o\000c\000e\000s\000s\000i\000n\000g}{section.4.2}% 29
\BOOKMARK [1][-]{section.4.3}{\376\377\000M\000a\000n\000i\000p\000u\000l\000a\000t\000i\000o\000n\000\040\000F\000r\000a\000c\000t\000a\000l\000\040\000S\000a\000f\000e\000t\000y\000\040\000C\000o\000n\000d\000i\000t\000i\000o\000n\000s}{chapter.4}% 30
\BOOKMARK [1][-]{section.4.4}{\376\377\000M\000a\000n\000i\000p\000u\000l\000a\000t\000i\000o\000n\000\040\000F\000r\000a\000c\000t\000a\000l\000\040\000C\000l\000a\000s\000s\000i\000f\000i\000c\000a\000t\000i\000o\000n\000\040\000T\000a\000b\000l\000e}{chapter.4}% 31
\BOOKMARK [0][-]{chapter.5}{\376\377\000T\000K\000S\000\040\000H\000y\000p\000e\000r\000s\000t\000i\000t\000i\000o\000n\000\040\000E\000q\000u\000a\000t\000i\000o\000n\000s\000\040\000\050\000t\000k\000s\000\137\000h\000y\000p\000e\000r\000s\000t\000i\000t\000i\000o\000n\000s\000\051}{part.1}% 32
\BOOKMARK [1][-]{section.5.1}{\376\377\000M\000a\000t\000h\000e\000m\000a\000t\000i\000c\000a\000l\000\040\000D\000e\000f\000i\000n\000i\000t\000i\000o\000n}{chapter.5}% 33
\BOOKMARK [1][-]{section.5.2}{\376\377\000H\000y\000p\000e\000r\000s\000t\000i\000t\000i\000o\000n\000\040\000S\000c\000e\000n\000a\000r\000i\000o\000\040\000E\000q\000u\000a\000t\000i\000o\000n\000s}{chapter.5}% 34
\BOOKMARK [2][-]{subsection.5.2.1}{\376\377\000T\000y\000p\000e\000\040\0001\000:\000\040\000S\000e\000l\000f\000-\000F\000u\000l\000f\000i\000l\000l\000i\000n\000g\000\040\000P\000r\000o\000p\000h\000e\000c\000y\000\040\000\050\000P\000e\000r\000s\000o\000n\000a\000l\000\051}{section.5.2}% 35
\BOOKMARK [2][-]{subsection.5.2.2}{\376\377\000T\000y\000p\000e\000\040\0002\000:\000\040\000M\000a\000r\000k\000e\000t\000\040\000H\000y\000p\000e\000r\000s\000t\000i\000t\000i\000o\000n\000\040\000\050\000C\000o\000l\000l\000e\000c\000t\000i\000v\000e\000\051}{section.5.2}% 36
\BOOKMARK [2][-]{subsection.5.2.3}{\376\377\000T\000y\000p\000e\000\040\0003\000:\000\040\000R\000e\000a\000l\000i\000t\000y\000\040\000B\000o\000o\000t\000s\000t\000r\000a\000p\000\040\000\050\000M\000e\000t\000a\000p\000h\000y\000s\000i\000c\000a\000l\000\051}{section.5.2}% 37
\BOOKMARK [1][-]{section.5.3}{\376\377\000H\000y\000p\000e\000r\000s\000t\000i\000t\000i\000o\000n\000\040\000C\000l\000a\000s\000s\000i\000f\000i\000c\000a\000t\000i\000o\000n\000\040\000T\000a\000b\000l\000e}{chapter.5}% 38
\BOOKMARK [0][-]{chapter.6}{\376\377\000Q\000u\000a\000n\000t\000u\000m\000\040\000S\000u\000p\000e\000r\000p\000o\000s\000i\000t\000i\000o\000n\000\040\000I\000d\000e\000a\000\040\000E\000q\000u\000a\000t\000i\000o\000n\000s\000\040\000\050\000t\000k\000s\000\137\000q\000u\000a\000n\000t\000u\000m\000\137\000s\000u\000p\000e\000r\000p\000o\000s\000i\000t\000i\000o\000n\000\137\000i\000d\000e\000a\000s\000\051}{part.1}% 39
\BOOKMARK [1][-]{section.6.1}{\376\377\000M\000a\000t\000h\000e\000m\000a\000t\000i\000c\000a\000l\000\040\000D\000e\000f\000i\000n\000i\000t\000i\000o\000n}{chapter.6}% 40
\BOOKMARK [1][-]{section.6.2}{\376\377\000Q\000u\000a\000n\000t\000u\000m\000\040\000S\000u\000p\000e\000r\000p\000o\000s\000i\000t\000i\000o\000n\000\040\000S\000c\000e\000n\000a\000r\000i\000o\000\040\000E\000q\000u\000a\000t\000i\000o\000n\000s}{chapter.6}% 41
\BOOKMARK [2][-]{subsection.6.2.1}{\376\377\000T\000y\000p\000e\000\040\0001\000:\000\040\000U\000n\000d\000e\000c\000i\000d\000e\000d\000\040\000S\000t\000a\000t\000e\000\040\000\050\000S\000c\000h\000r\000\366\000d\000i\000n\000g\000e\000r\000\040\000D\000e\000c\000i\000s\000i\000o\000n\000\051}{section.6.2}% 42
\BOOKMARK [2][-]{subsection.6.2.2}{\376\377\000T\000y\000p\000e\000\040\0002\000:\000\040\000E\000m\000o\000t\000i\000o\000n\000a\000l\000\040\000S\000u\000p\000e\000r\000p\000o\000s\000i\000t\000i\000o\000n}{section.6.2}% 43
\BOOKMARK [2][-]{subsection.6.2.3}{\376\377\000T\000y\000p\000e\000\040\0003\000:\000\040\000I\000d\000e\000n\000t\000i\000t\000y\000\040\000S\000u\000p\000e\000r\000p\000o\000s\000i\000t\000i\000o\000n}{section.6.2}% 44
\BOOKMARK [2][-]{subsection.6.2.4}{\376\377\000T\000y\000p\000e\000\040\0004\000:\000\040\000T\000i\000m\000e\000l\000i\000n\000e\000\040\000S\000u\000p\000e\000r\000p\000o\000s\000i\000t\000i\000o\000n}{section.6.2}% 45
\BOOKMARK [1][-]{section.6.3}{\376\377\000Q\000u\000a\000n\000t\000u\000m\000\040\000S\000u\000p\000e\000r\000p\000o\000s\000i\000t\000i\000o\000n\000\040\000C\000l\000a\000s\000s\000i\000f\000i\000c\000a\000t\000i\000o\000n\000\040\000T\000a\000b\000l\000e}{chapter.6}% 46
\BOOKMARK [0][-]{chapter.7}{\376\377\000C\000o\000l\000l\000a\000p\000s\000e\000\040\000C\000o\000n\000d\000i\000t\000i\000o\000n\000\040\000E\000q\000u\000a\000t\000i\000o\000n\000s\000\040\000\050\000t\000k\000s\000\137\000c\000o\000l\000l\000a\000p\000s\000e\000\137\000c\000o\000n\000d\000i\000t\000i\000o\000n\000\137\000i\000d\000e\000a\000s\000\051}{part.1}% 47
\BOOKMARK [1][-]{section.7.1}{\376\377\000M\000a\000t\000h\000e\000m\000a\000t\000i\000c\000a\000l\000\040\000D\000e\000f\000i\000n\000i\000t\000i\000o\000n}{chapter.7}% 48
\BOOKMARK [1][-]{section.7.2}{\376\377\000C\000o\000l\000l\000a\000p\000s\000e\000\040\000C\000o\000n\000d\000i\000t\000i\000o\000n\000\040\000S\000c\000e\000n\000a\000r\000i\000o\000\040\000E\000q\000u\000a\000t\000i\000o\000n\000s}{chapter.7}% 49
\BOOKMARK [2][-]{subsection.7.2.1}{\376\377\000T\000y\000p\000e\000\040\0001\000:\000\040\000O\000b\000s\000e\000r\000v\000a\000t\000i\000o\000n\000-\000I\000n\000d\000u\000c\000e\000d\000\040\000C\000o\000l\000l\000a\000p\000s\000e}{section.7.2}% 50
\BOOKMARK [2][-]{subsection.7.2.2}{\376\377\000T\000y\000p\000e\000\040\0002\000:\000\040\000D\000e\000c\000i\000s\000i\000o\000n\000\040\000C\000o\000l\000l\000a\000p\000s\000e}{section.7.2}% 51
\BOOKMARK [2][-]{subsection.7.2.3}{\376\377\000T\000y\000p\000e\000\040\0003\000:\000\040\000R\000P\000M\000\040\000F\000a\000i\000l\000u\000r\000e\000\040\000C\000o\000l\000l\000a\000p\000s\000e}{section.7.2}% 52
\BOOKMARK [2][-]{subsection.7.2.4}{\376\377\000T\000y\000p\000e\000\040\0004\000:\000\040\000D\000u\000a\000l\000\040\000P\000a\000i\000r\000\040\000C\000o\000l\000l\000a\000p\000s\000e}{section.7.2}% 53
\BOOKMARK [2][-]{subsection.7.2.5}{\376\377\000T\000y\000p\000e\000\040\0005\000:\000\040\000E\000n\000v\000i\000r\000o\000n\000m\000e\000n\000t\000a\000l\000\040\000D\000e\000c\000o\000h\000e\000r\000e\000n\000c\000e}{section.7.2}% 54
\BOOKMARK [1][-]{section.7.3}{\376\377\000C\000o\000l\000l\000a\000p\000s\000e\000\040\000C\000o\000n\000d\000i\000t\000i\000o\000n\000\040\000C\000l\000a\000s\000s\000i\000f\000i\000c\000a\000t\000i\000o\000n\000\040\000T\000a\000b\000l\000e}{chapter.7}% 55
\BOOKMARK [0][-]{chapter.8}{\376\377\000D\000/\000W\000/\000P\000\040\000C\000h\000a\000i\000n\000\040\000E\000q\000u\000a\000t\000i\000o\000n\000s\000\040\000\050\000D\000e\000s\000i\000r\000e\000/\000W\000i\000s\000d\000o\000m\000/\000P\000o\000w\000e\000r\000\051}{part.1}% 56
\BOOKMARK [1][-]{section.8.1}{\376\377\000M\000a\000t\000h\000e\000m\000a\000t\000i\000c\000a\000l\000\040\000D\000e\000f\000i\000n\000i\000t\000i\000o\000n}{chapter.8}% 57
\BOOKMARK [1][-]{section.8.2}{\376\377\000D\000/\000W\000/\000P\000\040\000S\000c\000e\000n\000a\000r\000i\000o\000\040\000E\000q\000u\000a\000t\000i\000o\000n\000s}{chapter.8}% 58
\BOOKMARK [2][-]{subsection.8.2.1}{\376\377\000T\000y\000p\000e\000\040\0001\000:\000\040\000C\000o\000m\000p\000l\000e\000t\000e\000\040\000D\000/\000W\000/\000P\000\040\000C\000h\000a\000i\000n\000\040\000\050\000S\000u\000c\000c\000e\000s\000s\000\040\000P\000a\000t\000h\000\051}{section.8.2}% 59
\BOOKMARK [2][-]{subsection.8.2.2}{\376\377\000T\000y\000p\000e\000\040\0002\000:\000\040\000I\000n\000c\000o\000m\000p\000l\000e\000t\000e\000\040\000C\000h\000a\000i\000n\000\040\000\050\000F\000a\000i\000l\000u\000r\000e\000\040\000M\000o\000d\000e\000s\000\051}{section.8.2}% 60
\BOOKMARK [2][-]{subsection.8.2.3}{\376\377\000T\000y\000p\000e\000\040\0003\000:\000\040\000C\000r\000o\000s\000s\000-\000F\000o\000u\000n\000d\000a\000t\000i\000o\000n\000\040\000I\000n\000t\000e\000r\000a\000c\000t\000i\000o\000n\000s}{section.8.2}% 61
\BOOKMARK [2][-]{subsection.8.2.4}{\376\377\000T\000y\000p\000e\000\040\0004\000:\000\040\000S\000i\000m\000u\000l\000t\000a\000n\000e\000o\000u\000s\000\040\000M\000u\000l\000t\000i\000-\000F\000o\000u\000n\000d\000a\000t\000i\000o\000n}{section.8.2}% 62
\BOOKMARK [1][-]{section.8.3}{\376\377\000D\000/\000W\000/\000P\000\040\000C\000l\000a\000s\000s\000i\000f\000i\000c\000a\000t\000i\000o\000n\000\040\000T\000a\000b\000l\000e}{chapter.8}% 63
\BOOKMARK [-1][-]{part.2}{\376\377\000I\000I\000\040\000S\000c\000e\000n\000a\000r\000i\000o\000\040\000C\000l\000a\000s\000s\000i\000f\000i\000c\000a\000t\000i\000o\000n\000\040\000S\000y\000s\000t\000e\000m}{}% 64
\BOOKMARK [0][-]{chapter.9}{\376\377\000M\000a\000s\000t\000e\000r\000\040\000S\000c\000e\000n\000a\000r\000i\000o\000\040\000T\000y\000p\000e\000\040\000C\000l\000a\000s\000s\000i\000f\000i\000c\000a\000t\000i\000o\000n}{part.2}% 65
\BOOKMARK [1][-]{section.9.1}{\376\377\000P\000r\000i\000m\000a\000r\000y\000\040\000S\000c\000e\000n\000a\000r\000i\000o\000\040\000C\000a\000t\000e\000g\000o\000r\000i\000e\000s}{chapter.9}% 66
\BOOKMARK [2][-]{subsection.9.1.1}{\376\377\000C\000a\000t\000e\000g\000o\000r\000y\000\040\000A\000:\000\040\000S\000t\000a\000t\000e\000\040\000S\000c\000e\000n\000a\000r\000i\000o\000s}{section.9.1}% 67
\BOOKMARK [2][-]{subsection.9.1.2}{\376\377\000C\000a\000t\000e\000g\000o\000r\000y\000\040\000B\000:\000\040\000P\000r\000o\000c\000e\000s\000s\000\040\000S\000c\000e\000n\000a\000r\000i\000o\000s}{section.9.1}% 68
\BOOKMARK [2][-]{subsection.9.1.3}{\376\377\000C\000a\000t\000e\000g\000o\000r\000y\000\040\000C\000:\000\040\000D\000y\000n\000a\000m\000i\000c\000\040\000S\000c\000e\000n\000a\000r\000i\000o\000s}{section.9.1}% 69
\BOOKMARK [1][-]{section.9.2}{\376\377\000S\000c\000e\000n\000a\000r\000i\000o\000-\000t\000o\000-\000E\000q\000u\000a\000t\000i\000o\000n\000\040\000D\000e\000c\000i\000s\000i\000o\000n\000\040\000T\000r\000e\000e}{chapter.9}% 70
\BOOKMARK [1][-]{section.9.3}{\376\377\000C\000o\000m\000p\000l\000e\000t\000e\000\040\000S\000c\000e\000n\000a\000r\000i\000o\000\040\000T\000y\000p\000e\000\040\000M\000a\000s\000t\000e\000r\000\040\000T\000a\000b\000l\000e}{chapter.9}% 71
\BOOKMARK [0][-]{appendix.A}{\376\377\000Q\000u\000i\000c\000k\000\040\000R\000e\000f\000e\000r\000e\000n\000c\000e\000\040\000F\000o\000r\000m\000u\000l\000a\000s}{part.2}% 72
\BOOKMARK [1][-]{section.A.1}{\376\377\000H\000i\000g\000h\000\040\000L\000a\000c\000u\000n\000a\000r\000i\000t\000y\000\040\000Q\000u\000i\000c\000k\000\040\000R\000e\000f\000e\000r\000e\000n\000c\000e}{appendix.A}% 73
\BOOKMARK [1][-]{section.A.2}{\376\377\000P\000s\000y\000c\000h\000\137\000A\000t\000t\000r\000a\000c\000t\000o\000r\000\040\000Q\000u\000i\000c\000k\000\040\000R\000e\000f\000e\000r\000e\000n\000c\000e}{appendix.A}% 74
\BOOKMARK [1][-]{section.A.3}{\376\377\000M\000a\000n\000i\000p\000u\000l\000a\000t\000i\000o\000n\000\137\000F\000r\000a\000c\000t\000a\000l\000\040\000Q\000u\000i\000c\000k\000\040\000R\000e\000f\000e\000r\000e\000n\000c\000e}{appendix.A}% 75
\BOOKMARK [1][-]{section.A.4}{\376\377\000H\000y\000p\000e\000r\000s\000t\000i\000t\000i\000o\000n\000\040\000Q\000u\000i\000c\000k\000\040\000R\000e\000f\000e\000r\000e\000n\000c\000e}{appendix.A}% 76
\BOOKMARK [1][-]{section.A.5}{\376\377\000Q\000u\000a\000n\000t\000u\000m\000\040\000S\000u\000p\000e\000r\000p\000o\000s\000i\000t\000i\000o\000n\000\040\000Q\000u\000i\000c\000k\000\040\000R\000e\000f\000e\000r\000e\000n\000c\000e}{appendix.A}% 77
\BOOKMARK [1][-]{section.A.6}{\376\377\000C\000o\000l\000l\000a\000p\000s\000e\000\040\000C\000o\000n\000d\000i\000t\000i\000o\000n\000\040\000Q\000u\000i\000c\000k\000\040\000R\000e\000f\000e\000r\000e\000n\000c\000e}{appendix.A}% 78
\BOOKMARK [1][-]{section.A.7}{\376\377\000D\000/\000W\000/\000P\000\040\000Q\000u\000i\000c\000k\000\040\000R\000e\000f\000e\000r\000e\000n\000c\000e}{appendix.A}% 79
\BOOKMARK [0][-]{appendix.B}{\376\377\000S\000y\000m\000b\000o\000l\000\040\000G\000l\000o\000s\000s\000a\000r\000y}{part.2}% 80
