\BOOKMARK [0][-]{chapter*.2}{\376\377\000M\000a\000s\000t\000e\000r\000\040\000E\000t\000h\000i\000c\000a\000l\000\040\000N\000o\000t\000i\000c\000e}{}% 1
\BOOKMARK [-1][-]{part.1}{\376\377\000I\000\040\000P\000s\000y\000c\000h\000o\000l\000o\000g\000y\000:\000\040\000T\000h\000r\000e\000a\000t\000\040\000M\000o\000d\000e\000l\000s\000\040\000f\000o\000r\000\040\000T\000h\000e\000r\000a\000p\000e\000u\000t\000i\000c\000\040\000M\000a\000n\000i\000p\000u\000l\000a\000t\000i\000o\000n}{}% 2
\BOOKMARK [0][-]{chapter.1}{\376\377\000O\000v\000e\000r\000v\000i\000e\000w\000:\000\040\000P\000s\000y\000c\000h\000o\000l\000o\000g\000i\000c\000a\000l\000\040\000P\000r\000o\000f\000i\000l\000i\000n\000g\000\040\000A\000t\000t\000a\000c\000k\000\040\000V\000e\000c\000t\000o\000r\000s}{part.1}% 3
\BOOKMARK [0][-]{chapter.2}{\376\377\000M\000a\000t\000h\000e\000m\000a\000t\000i\000c\000a\000l\000\040\000D\000e\000f\000i\000n\000i\000t\000i\000o\000n\000s}{part.1}% 4
\BOOKMARK [1][-]{section.2.1}{\376\377\000P\000s\000y\000c\000h\000o\000l\000o\000g\000i\000c\000a\000l\000\040\000F\000r\000a\000c\000t\000a\000l\000\040\000E\000x\000t\000r\000a\000c\000t\000i\000o\000n}{chapter.2}% 5
\BOOKMARK [1][-]{section.2.2}{\376\377\000P\000s\000y\000c\000h\000o\000l\000o\000g\000i\000c\000a\000l\000\040\000A\000t\000t\000r\000a\000c\000t\000o\000r\000\040\000T\000h\000e\000o\000r\000y}{chapter.2}% 6
\BOOKMARK [1][-]{section.2.3}{\376\377\000V\000u\000l\000n\000e\000r\000a\000b\000i\000l\000i\000t\000y\000\040\000A\000n\000a\000l\000y\000s\000i\000s\000\040\000v\000i\000a\000\040\000L\000a\000c\000u\000n\000a\000r\000i\000t\000y}{chapter.2}% 7
\BOOKMARK [1][-]{section.2.4}{\376\377\000D\000/\000W\000/\000P\000\040\000C\000h\000a\000i\000n\000\040\000A\000n\000a\000l\000y\000s\000i\000s}{chapter.2}% 8
\BOOKMARK [1][-]{section.2.5}{\376\377\000A\000t\000t\000a\000c\000k\000\040\000V\000e\000c\000t\000o\000r\000:\000\040\000M\000a\000n\000i\000p\000u\000l\000a\000t\000i\000o\000n\000\040\000F\000r\000a\000c\000t\000a\000l\000\040\000D\000e\000s\000i\000g\000n}{chapter.2}% 9
\BOOKMARK [0][-]{chapter.3}{\376\377\000P\000l\000a\000i\000n\000\040\000E\000n\000g\000l\000i\000s\000h\000\040\000E\000x\000p\000l\000a\000n\000a\000t\000i\000o\000n}{part.1}% 10
\BOOKMARK [0][-]{chapter.4}{\376\377\000R\000e\000a\000l\000-\000L\000i\000f\000e\000\040\000S\000c\000e\000n\000a\000r\000i\000o\000s}{part.1}% 11
\BOOKMARK [1][-]{section.4.1}{\376\377\000S\000c\000e\000n\000a\000r\000i\000o\000\040\0001\000:\000\040\000T\000h\000e\000r\000a\000p\000e\000u\000t\000i\000c\000\040\000A\000p\000p\000l\000i\000c\000a\000t\000i\000o\000n}{chapter.4}% 12
\BOOKMARK [1][-]{section.4.2}{\376\377\000S\000c\000e\000n\000a\000r\000i\000o\000\040\0002\000:\000\040\000M\000a\000r\000k\000e\000t\000i\000n\000g\000\040\000A\000p\000p\000l\000i\000c\000a\000t\000i\000o\000n}{chapter.4}% 13
\BOOKMARK [1][-]{section.4.3}{\376\377\000S\000c\000e\000n\000a\000r\000i\000o\000\040\0003\000:\000\040\000P\000o\000l\000i\000t\000i\000c\000a\000l\000\040\000A\000p\000p\000l\000i\000c\000a\000t\000i\000o\000n}{chapter.4}% 14
\BOOKMARK [1][-]{section.4.4}{\376\377\000S\000c\000e\000n\000a\000r\000i\000o\000\040\0004\000:\000\040\000S\000e\000c\000u\000r\000i\000t\000y\000\040\000A\000p\000p\000l\000i\000c\000a\000t\000i\000o\000n}{chapter.4}% 15
\BOOKMARK [0][-]{chapter.5}{\376\377\000C\000a\000n\000o\000n\000i\000c\000a\000l\000\040\000E\000q\000u\000a\000t\000i\000o\000n\000s}{part.1}% 16
\BOOKMARK [1][-]{section.5.1}{\376\377\000F\000r\000a\000c\000t\000a\000l\000\040\000E\000x\000t\000r\000a\000c\000t\000i\000o\000n}{chapter.5}% 17
\BOOKMARK [1][-]{section.5.2}{\376\377\000A\000t\000t\000r\000a\000c\000t\000o\000r\000\040\000C\000o\000m\000p\000u\000t\000a\000t\000i\000o\000n}{chapter.5}% 18
\BOOKMARK [1][-]{section.5.3}{\376\377\000V\000u\000l\000n\000e\000r\000a\000b\000i\000l\000i\000t\000y\000\040\000S\000c\000o\000r\000e}{chapter.5}% 19
\BOOKMARK [1][-]{section.5.4}{\376\377\000D\000/\000W\000/\000P\000\040\000C\000h\000a\000i\000n}{chapter.5}% 20
\BOOKMARK [1][-]{section.5.5}{\376\377\000I\000n\000t\000e\000r\000v\000e\000n\000t\000i\000o\000n\000\040\000D\000e\000s\000i\000g\000n}{chapter.5}% 21
\BOOKMARK [1][-]{section.5.6}{\376\377\0004\0000\000-\000S\000t\000e\000p\000\040\000S\000t\000a\000b\000i\000l\000i\000z\000a\000t\000i\000o\000n}{chapter.5}% 22
\BOOKMARK [-1][-]{part.2}{\376\377\000I\000I\000\040\000S\000o\000c\000i\000a\000l\000\040\000E\000n\000g\000i\000n\000e\000e\000r\000i\000n\000g\000:\000\040\000T\000h\000r\000e\000a\000t\000\040\000M\000o\000d\000e\000l\000s\000\040\000f\000o\000r\000\040\000P\000o\000p\000u\000l\000a\000t\000i\000o\000n\000\040\000M\000a\000n\000i\000p\000u\000l\000a\000t\000i\000o\000n}{}% 23
\BOOKMARK [0][-]{chapter.6}{\376\377\000O\000v\000e\000r\000v\000i\000e\000w\000:\000\040\000D\000e\000t\000e\000c\000t\000i\000n\000g\000\040\000M\000a\000s\000s\000\040\000I\000n\000f\000l\000u\000e\000n\000c\000e\000\040\000O\000p\000e\000r\000a\000t\000i\000o\000n\000s}{part.2}% 24
\BOOKMARK [0][-]{chapter.7}{\376\377\000M\000a\000t\000h\000e\000m\000a\000t\000i\000c\000a\000l\000\040\000D\000e\000f\000i\000n\000i\000t\000i\000o\000n\000s}{part.2}% 25
\BOOKMARK [1][-]{section.7.1}{\376\377\000S\000o\000c\000i\000e\000t\000y\000\040\000a\000s\000\040\000I\000n\000t\000e\000r\000a\000c\000t\000i\000n\000g\000\040\000F\000r\000a\000c\000t\000a\000l\000\040\000S\000y\000s\000t\000e\000m}{chapter.7}% 26
\BOOKMARK [1][-]{section.7.2}{\376\377\000T\000i\000p\000p\000i\000n\000g\000\040\000P\000o\000i\000n\000t\000\040\000M\000a\000t\000h\000e\000m\000a\000t\000i\000c\000s}{chapter.7}% 27
\BOOKMARK [1][-]{section.7.3}{\376\377\000M\000e\000m\000e\000\040\000E\000n\000g\000i\000n\000e\000e\000r\000i\000n\000g\000\040\000v\000i\000a\000\040\000V\000i\000r\000a\000l\000\040\000F\000r\000a\000c\000t\000a\000l\000s}{chapter.7}% 28
\BOOKMARK [1][-]{section.7.4}{\376\377\000A\000C\000B\000E\000\040\000C\000a\000s\000c\000a\000d\000e\000\040\000D\000y\000n\000a\000m\000i\000c\000s}{chapter.7}% 29
\BOOKMARK [1][-]{section.7.5}{\376\377\000F\000e\000e\000d\000b\000a\000c\000k\000\040\000A\000d\000j\000u\000s\000t\000m\000e\000n\000t\000\040\000v\000i\000a\000\040\000A\000t\000t\000r\000a\000c\000t\000o\000r\000\040\000P\000e\000r\000t\000u\000r\000b\000a\000t\000i\000o\000n}{chapter.7}% 30
\BOOKMARK [0][-]{chapter.8}{\376\377\000P\000l\000a\000i\000n\000\040\000E\000n\000g\000l\000i\000s\000h\000\040\000E\000x\000p\000l\000a\000n\000a\000t\000i\000o\000n}{part.2}% 31
\BOOKMARK [0][-]{chapter.9}{\376\377\000T\000e\000c\000h\000n\000i\000c\000a\000l\000\040\000T\000e\000r\000m\000\040\000t\000o\000\040\000M\000e\000t\000a\000p\000h\000o\000r\000\040\000M\000a\000p\000p\000i\000n\000g}{part.2}% 32
\BOOKMARK [0][-]{chapter.10}{\376\377\000R\000e\000a\000l\000-\000L\000i\000f\000e\000\040\000S\000c\000e\000n\000a\000r\000i\000o\000s}{part.2}% 33
\BOOKMARK [1][-]{section.10.1}{\376\377\000S\000c\000e\000n\000a\000r\000i\000o\000\040\0001\000:\000\040\000P\000u\000b\000l\000i\000c\000\040\000H\000e\000a\000l\000t\000h\000\040\040\024\000\040\000V\000a\000c\000c\000i\000n\000a\000t\000i\000o\000n\000\040\000C\000a\000m\000p\000a\000i\000g\000n}{chapter.10}% 34
\BOOKMARK [1][-]{section.10.2}{\376\377\000S\000c\000e\000n\000a\000r\000i\000o\000\040\0002\000:\000\040\000V\000i\000r\000a\000l\000\040\000M\000a\000r\000k\000e\000t\000i\000n\000g\000\040\040\024\000\040\000P\000r\000o\000d\000u\000c\000t\000\040\000L\000a\000u\000n\000c\000h}{chapter.10}% 35
\BOOKMARK [1][-]{section.10.3}{\376\377\000S\000c\000e\000n\000a\000r\000i\000o\000\040\0003\000:\000\040\000P\000o\000l\000i\000t\000i\000c\000a\000l\000\040\000M\000o\000b\000i\000l\000i\000z\000a\000t\000i\000o\000n\000\040\040\024\000\040\000V\000o\000t\000e\000r\000\040\000T\000u\000r\000n\000o\000u\000t}{chapter.10}% 36
\BOOKMARK [1][-]{section.10.4}{\376\377\000S\000c\000e\000n\000a\000r\000i\000o\000\040\0004\000:\000\040\000C\000o\000u\000n\000t\000e\000r\000-\000E\000x\000t\000r\000e\000m\000i\000s\000m\000\040\040\024\000\040\000D\000e\000r\000a\000d\000i\000c\000a\000l\000i\000z\000a\000t\000i\000o\000n\000\040\000I\000n\000t\000e\000r\000v\000e\000n\000t\000i\000o\000n}{chapter.10}% 37
\BOOKMARK [0][-]{chapter.11}{\376\377\000C\000a\000n\000o\000n\000i\000c\000a\000l\000\040\000E\000q\000u\000a\000t\000i\000o\000n\000s}{part.2}% 38
\BOOKMARK [1][-]{section.11.1}{\376\377\000C\000o\000l\000l\000e\000c\000t\000i\000v\000e\000\040\000F\000r\000a\000c\000t\000a\000l\000\040\000D\000y\000n\000a\000m\000i\000c\000s}{chapter.11}% 39
\BOOKMARK [1][-]{section.11.2}{\376\377\000C\000r\000i\000t\000i\000c\000a\000l\000\040\000M\000a\000s\000s\000\040\000T\000h\000r\000e\000s\000h\000o\000l\000d}{chapter.11}% 40
\BOOKMARK [1][-]{section.11.3}{\376\377\000M\000e\000m\000e\000\040\000V\000i\000r\000a\000l\000i\000t\000y}{chapter.11}% 41
\BOOKMARK [1][-]{section.11.4}{\376\377\000C\000a\000m\000p\000a\000i\000g\000n\000\040\000E\000f\000f\000e\000c\000t\000i\000v\000e\000n\000e\000s\000s}{chapter.11}% 42
\BOOKMARK [-1][-]{part.3}{\376\377\000I\000I\000I\000\040\000O\000v\000e\000r\000t\000o\000n\000\040\000W\000i\000n\000d\000o\000w\000\040\000M\000a\000n\000i\000p\000u\000l\000a\000t\000i\000o\000n\000:\000\040\000T\000h\000r\000e\000a\000t\000\040\000M\000o\000d\000e\000l\000\040\000f\000o\000r\000\040\000D\000i\000s\000c\000o\000u\000r\000s\000e\000\040\000B\000o\000u\000n\000d\000a\000r\000y\000\040\000A\000t\000t\000a\000c\000k\000s}{}% 43
\BOOKMARK [0][-]{chapter.12}{\376\377\000O\000v\000e\000r\000t\000o\000n\000\040\000W\000i\000n\000d\000o\000w\000\040\000M\000a\000n\000i\000p\000u\000l\000a\000t\000i\000o\000n\000:\000\040\000T\000h\000r\000e\000a\000t\000\040\000M\000o\000d\000e\000l\000\040\000f\000o\000r\000\040\000D\000i\000s\000c\000o\000u\000r\000s\000e\000\040\000B\000o\000u\000n\000d\000a\000r\000y\000\040\000A\000t\000t\000a\000c\000k\000s}{part.3}% 44
\BOOKMARK [1][-]{section.12.1}{\376\377\000M\000a\000t\000h\000e\000m\000a\000t\000i\000c\000a\000l\000\040\000D\000e\000f\000i\000n\000i\000t\000i\000o\000n\000s}{chapter.12}% 45
\BOOKMARK [2][-]{subsection.12.1.1}{\376\377\000T\000h\000e\000\040\000O\000v\000e\000r\000t\000o\000n\000\040\000W\000i\000n\000d\000o\000w\000\040\000a\000s\000\040\000A\000t\000t\000r\000a\000c\000t\000o\000r\000\040\000B\000a\000s\000i\000n}{section.12.1}% 46
\BOOKMARK [2][-]{subsection.12.1.2}{\376\377\000M\000e\000a\000s\000u\000r\000i\000n\000g\000\040\000t\000h\000e\000\040\000O\000v\000e\000r\000t\000o\000n\000\040\000W\000i\000n\000d\000o\000w\000:\000\040\000D\000i\000s\000c\000o\000u\000r\000s\000e\000\040\000F\000r\000a\000c\000t\000a\000l\000\040\000A\000n\000a\000l\000y\000s\000i\000s}{section.12.1}% 47
\BOOKMARK [2][-]{subsection.12.1.3}{\376\377\000W\000i\000n\000d\000o\000w\000\040\000S\000h\000i\000f\000t\000i\000n\000g\000\040\000v\000i\000a\000\040\000T\000r\000a\000n\000s\000f\000i\000n\000i\000t\000e\000\040\000S\000e\000q\000u\000e\000n\000c\000e\000s}{section.12.1}% 48
\BOOKMARK [2][-]{subsection.12.1.4}{\376\377\000D\000e\000s\000i\000g\000n\000i\000n\000g\000\040\000S\000h\000i\000f\000t\000\040\000S\000t\000r\000a\000t\000e\000g\000i\000e\000s\000:\000\040\000C\000o\000n\000s\000t\000r\000a\000i\000n\000t\000\040\000O\000p\000t\000i\000m\000i\000z\000a\000t\000i\000o\000n}{section.12.1}% 49
\BOOKMARK [2][-]{subsection.12.1.5}{\376\377\000N\000o\000r\000m\000a\000l\000i\000z\000a\000t\000i\000o\000n\000\040\000D\000y\000n\000a\000m\000i\000c\000s\000:\000\040\000A\000c\000c\000e\000p\000t\000a\000n\000c\000e\000\040\000T\000h\000r\000e\000s\000h\000o\000l\000d\000\040\000E\000v\000o\000l\000u\000t\000i\000o\000n}{section.12.1}% 50
\BOOKMARK [1][-]{section.12.2}{\376\377\000C\000a\000n\000o\000n\000i\000c\000a\000l\000\040\000E\000q\000u\000a\000t\000i\000o\000n\000s}{chapter.12}% 51
\BOOKMARK [1][-]{section.12.3}{\376\377\000P\000l\000a\000i\000n\000\040\000E\000n\000g\000l\000i\000s\000h\000\040\000E\000x\000p\000l\000a\000n\000a\000t\000i\000o\000n}{chapter.12}% 52
\BOOKMARK [1][-]{section.12.4}{\376\377\000T\000e\000c\000h\000n\000i\000c\000a\000l\000\040\000T\000e\000r\000m\000\040\000t\000o\000\040\000M\000e\000t\000a\000p\000h\000o\000r\000\040\000M\000a\000p\000p\000i\000n\000g}{chapter.12}% 53
\BOOKMARK [1][-]{section.12.5}{\376\377\000R\000e\000a\000l\000-\000L\000i\000f\000e\000\040\000S\000c\000e\000n\000a\000r\000i\000o\000s}{chapter.12}% 54
\BOOKMARK [1][-]{section.12.6}{\376\377\000O\000v\000e\000r\000t\000o\000n\000\040\000W\000i\000n\000d\000o\000w\000\040\000E\000q\000u\000a\000t\000i\000o\000n\000\040\000C\000o\000n\000s\000t\000r\000u\000c\000t\000i\000o\000n\000\040\000R\000u\000l\000e\000s}{chapter.12}% 55
\BOOKMARK [1][-]{section.12.7}{\376\377\000O\000v\000e\000r\000t\000o\000n\000\040\000W\000i\000n\000d\000o\000w\000\040\000S\000h\000i\000f\000t\000\040\000C\000l\000a\000s\000s\000i\000f\000i\000c\000a\000t\000i\000o\000n}{chapter.12}% 56
\BOOKMARK [1][-]{section.12.8}{\376\377\000M\000a\000t\000h\000e\000m\000a\000t\000i\000c\000a\000l\000\040\000P\000r\000o\000p\000e\000r\000t\000i\000e\000s\000\040\000o\000f\000\040\000W\000i\000n\000d\000o\000w\000\040\000D\000y\000n\000a\000m\000i\000c\000s}{chapter.12}% 57
\BOOKMARK [1][-]{section.12.9}{\376\377\000C\000o\000n\000n\000e\000c\000t\000i\000o\000n\000\040\000t\000o\000\040\000T\000K\000S\000\040\000C\000a\000n\000o\000n\000i\000c\000a\000l\000\040\000S\000t\000r\000u\000c\000t\000u\000r\000e\000s}{chapter.12}% 58
\BOOKMARK [1][-]{section.12.10}{\376\377\000C\000h\000a\000p\000t\000e\000r\000\040\000S\000u\000m\000m\000a\000r\000y}{chapter.12}% 59
\BOOKMARK [-1][-]{part.4}{\376\377\000I\000V\000\040\000H\000y\000p\000e\000r\000s\000t\000i\000t\000i\000o\000n\000\040\000C\000r\000e\000a\000t\000i\000o\000n\000:\000\040\000T\000h\000r\000e\000a\000t\000\040\000M\000o\000d\000e\000l\000\040\000f\000o\000r\000\040\000B\000e\000l\000i\000e\000f\000-\000R\000e\000a\000l\000i\000t\000y\000\040\000F\000e\000e\000d\000b\000a\000c\000k\000\040\000A\000t\000t\000a\000c\000k\000s}{}% 60
\BOOKMARK [0][-]{chapter.13}{\376\377\000H\000y\000p\000e\000r\000s\000t\000i\000t\000i\000o\000n\000\040\000C\000r\000e\000a\000t\000i\000o\000n\000:\000\040\000T\000h\000r\000e\000a\000t\000\040\000M\000o\000d\000e\000l\000\040\000f\000o\000r\000\040\000B\000e\000l\000i\000e\000f\000-\000R\000e\000a\000l\000i\000t\000y\000\040\000F\000e\000e\000d\000b\000a\000c\000k\000\040\000A\000t\000t\000a\000c\000k\000s}{part.4}% 61
\BOOKMARK [1][-]{section.13.1}{\376\377\000Q\000u\000a\000n\000t\000u\000m\000\040\000S\000u\000p\000e\000r\000p\000o\000s\000i\000t\000i\000o\000n\000\040\000o\000f\000\040\000P\000o\000s\000s\000i\000b\000l\000e\000\040\000R\000e\000a\000l\000i\000t\000i\000e\000s}{chapter.13}% 62
\BOOKMARK [1][-]{section.13.2}{\376\377\000H\000y\000p\000e\000r\000s\000t\000i\000t\000i\000o\000n\000\040\000S\000t\000r\000u\000c\000t\000u\000r\000e\000\040\000a\000n\000d\000\040\000C\000r\000e\000a\000t\000i\000o\000n}{chapter.13}% 63
\BOOKMARK [1][-]{section.13.3}{\376\377\000C\000o\000l\000l\000a\000p\000s\000e\000\040\000C\000o\000n\000d\000i\000t\000i\000o\000n\000s}{chapter.13}% 64
\BOOKMARK [1][-]{section.13.4}{\376\377\000H\000y\000p\000e\000r\000s\000t\000i\000t\000i\000o\000n\000\040\000E\000x\000e\000c\000u\000t\000i\000o\000n\000\040\000P\000h\000a\000s\000e\000s}{chapter.13}% 65
\BOOKMARK [2][-]{subsection.13.4.1}{\376\377\000P\000h\000a\000s\000e\000\040\0001\000:\000\040\000S\000e\000e\000d}{section.13.4}% 66
\BOOKMARK [2][-]{subsection.13.4.2}{\376\377\000P\000h\000a\000s\000e\000\040\0002\000:\000\040\000S\000y\000n\000c\000h\000r\000o\000n\000i\000c\000i\000t\000y}{section.13.4}% 67
\BOOKMARK [2][-]{subsection.13.4.3}{\376\377\000P\000h\000a\000s\000e\000\040\0003\000:\000\040\000C\000a\000s\000c\000a\000d\000e}{section.13.4}% 68
\BOOKMARK [2][-]{subsection.13.4.4}{\376\377\000P\000h\000a\000s\000e\000\040\0004\000:\000\040\000A\000p\000p\000a\000r\000e\000n\000t\000\040\000E\000v\000i\000d\000e\000n\000c\000e}{section.13.4}% 69
\BOOKMARK [1][-]{section.13.5}{\376\377\000M\000e\000a\000s\000u\000r\000e\000m\000e\000n\000t\000\040\000a\000s\000\040\000R\000e\000a\000l\000i\000t\000y\000\040\000C\000o\000l\000l\000a\000p\000s\000e\000\040\000O\000p\000e\000r\000a\000t\000o\000r}{chapter.13}% 70
\BOOKMARK [1][-]{section.13.6}{\376\377\000D\000/\000W\000/\000P\000\040\000E\000n\000g\000i\000n\000e\000e\000r\000i\000n\000g\000\040\000f\000o\000r\000\040\000P\000r\000e\000r\000e\000q\000u\000i\000s\000i\000t\000e\000\040\000S\000a\000t\000i\000s\000f\000a\000c\000t\000i\000o\000n}{chapter.13}% 71
\BOOKMARK [1][-]{section.13.7}{\376\377\000H\000y\000p\000e\000r\000s\000t\000i\000t\000i\000o\000n\000\040\000D\000y\000n\000a\000m\000i\000c\000s\000\040\000E\000q\000u\000a\000t\000i\000o\000n}{chapter.13}% 72
\BOOKMARK [1][-]{section.13.8}{\376\377\000C\000a\000n\000o\000n\000i\000c\000a\000l\000\040\000E\000q\000u\000a\000t\000i\000o\000n\000s\000\040\000S\000u\000m\000m\000a\000r\000y}{chapter.13}% 73
\BOOKMARK [1][-]{section.13.9}{\376\377\000P\000l\000a\000i\000n\000\040\000E\000n\000g\000l\000i\000s\000h\000\040\000E\000x\000p\000l\000a\000n\000a\000t\000i\000o\000n}{chapter.13}% 74
\BOOKMARK [1][-]{section.13.10}{\376\377\000T\000e\000c\000h\000n\000i\000c\000a\000l\000\040\000T\000e\000r\000m\000\040\000t\000o\000\040\000M\000e\000t\000a\000p\000h\000o\000r\000\040\000M\000a\000p\000p\000i\000n\000g}{chapter.13}% 75
\BOOKMARK [1][-]{section.13.11}{\376\377\000R\000e\000a\000l\000-\000L\000i\000f\000e\000\040\000S\000c\000e\000n\000a\000r\000i\000o\000s}{chapter.13}% 76
\BOOKMARK [1][-]{section.13.12}{\376\377\000H\000y\000p\000e\000r\000s\000t\000i\000t\000i\000o\000n\000\040\000C\000l\000a\000s\000s\000i\000f\000i\000c\000a\000t\000i\000o\000n}{chapter.13}% 77
\BOOKMARK [-1][-]{part.5}{\376\377\000V\000\040\000T\000K\000S\000\040\000C\000o\000g\000n\000i\000t\000i\000v\000e\000\040\000W\000a\000r\000f\000a\000r\000e\000\040\000S\000t\000a\000c\000k\000:\000\040\000T\000h\000r\000e\000a\000t\000\040\000M\000o\000d\000e\000l\000\040\000f\000o\000r\000\040\000M\000u\000l\000t\000i\000-\000L\000e\000v\000e\000l\000\040\000I\000n\000f\000l\000u\000e\000n\000c\000e\000\040\000O\000p\000e\000r\000a\000t\000i\000o\000n\000s}{}% 78
\BOOKMARK [0][-]{chapter.14}{\376\377\000O\000v\000e\000r\000v\000i\000e\000w\000:\000\040\000A\000d\000v\000e\000r\000s\000a\000r\000i\000a\000l\000\040\0004\000-\000L\000e\000v\000e\000l\000\040\000A\000t\000t\000a\000c\000k\000\040\000A\000r\000c\000h\000i\000t\000e\000c\000t\000u\000r\000e}{part.5}% 79
\BOOKMARK [0][-]{chapter.15}{\376\377\000T\000h\000e\000\040\0004\000-\000L\000e\000v\000e\000l\000\040\000S\000t\000a\000c\000k}{part.5}% 80
\BOOKMARK [1][-]{section.15.1}{\376\377\000L\000e\000v\000e\000l\000\040\0001\000:\000\040\000I\000n\000d\000i\000v\000i\000d\000u\000a\000l\000\040\000C\000o\000g\000n\000i\000t\000i\000o\000n\000\040\000\050\000L\0001\000\051}{chapter.15}% 81
\BOOKMARK [1][-]{section.15.2}{\376\377\000L\000e\000v\000e\000l\000\040\0002\000:\000\040\000S\000o\000c\000i\000a\000l\000\040\000D\000y\000n\000a\000m\000i\000c\000s\000\040\000\050\000L\0002\000\051}{chapter.15}% 82
\BOOKMARK [1][-]{section.15.3}{\376\377\000L\000e\000v\000e\000l\000\040\0003\000:\000\040\000C\000u\000l\000t\000u\000r\000a\000l\000\040\000F\000r\000a\000m\000e\000\040\000\050\000L\0003\000\051}{chapter.15}% 83
\BOOKMARK [1][-]{section.15.4}{\376\377\000L\000e\000v\000e\000l\000\040\0004\000:\000\040\000C\000i\000v\000i\000l\000i\000z\000a\000t\000i\000o\000n\000a\000l\000\040\000T\000r\000a\000j\000e\000c\000t\000o\000r\000y\000\040\000\050\000L\0004\000\051}{chapter.15}% 84
\BOOKMARK [0][-]{chapter.16}{\376\377\000F\000u\000n\000c\000t\000o\000r\000i\000a\000l\000\040\000R\000e\000l\000a\000t\000i\000o\000n\000s\000h\000i\000p\000s\000\040\000B\000e\000t\000w\000e\000e\000n\000\040\000L\000e\000v\000e\000l\000s}{part.5}% 85
\BOOKMARK [0][-]{chapter.17}{\376\377\000C\000a\000p\000a\000b\000i\000l\000i\000t\000y\000\040\000M\000a\000t\000r\000i\000x}{part.5}% 86
\BOOKMARK [1][-]{section.17.1}{\376\377\000C\000a\000p\000a\000b\000i\000l\000i\000t\000y\000\040\000A\000s\000s\000e\000s\000s\000m\000e\000n\000t\000\040\000b\000y\000\040\000L\000e\000v\000e\000l}{chapter.17}% 87
\BOOKMARK [1][-]{section.17.2}{\376\377\000C\000r\000o\000s\000s\000-\000L\000e\000v\000e\000l\000\040\000C\000a\000m\000p\000a\000i\000g\000n\000\040\000D\000e\000s\000i\000g\000n}{chapter.17}% 88
\BOOKMARK [0][-]{chapter.18}{\376\377\000C\000a\000n\000o\000n\000i\000c\000a\000l\000\040\000E\000q\000u\000a\000t\000i\000o\000n\000s}{part.5}% 89
\BOOKMARK [1][-]{section.18.1}{\376\377\000S\000t\000a\000c\000k\000\040\000C\000o\000m\000p\000o\000s\000i\000t\000i\000o\000n}{chapter.18}% 90
\BOOKMARK [1][-]{section.18.2}{\376\377\000L\000e\000v\000e\000l\000\040\000F\000u\000n\000c\000t\000o\000r\000s}{chapter.18}% 91
\BOOKMARK [-1][-]{part.6}{\376\377\000V\000I\000\040\000T\000K\000S\000\040\000v\000s\000\040\000A\000I\000\040\000I\000s\000s\000u\000e\000s\000:\000\040\000M\000a\000t\000h\000e\000m\000a\000t\000i\000c\000a\000l\000\040\000R\000e\000s\000o\000l\000u\000t\000i\000o\000n}{}% 92
\BOOKMARK [0][-]{chapter.19}{\376\377\000O\000v\000e\000r\000v\000i\000e\000w\000:\000\040\000T\000K\000S\000\040\000a\000s\000\040\000A\000I\000\040\000F\000o\000u\000n\000d\000a\000t\000i\000o\000n}{part.6}% 93
\BOOKMARK [0][-]{chapter.20}{\376\377\000T\000h\000e\000\040\000S\000e\000v\000e\000n\000\040\000A\000I\000\040\000C\000r\000i\000s\000e\000s\000\040\000a\000n\000d\000\040\000T\000K\000S\000\040\000S\000o\000l\000u\000t\000i\000o\000n\000s}{part.6}% 94
\BOOKMARK [1][-]{section.20.1}{\376\377\000C\000r\000i\000s\000i\000s\000\040\0001\000:\000\040\000A\000l\000i\000g\000n\000m\000e\000n\000t\000\040\000\040\000R\000P\000M\000\040\000M\000o\000n\000a\000d}{chapter.20}% 95
\BOOKMARK [1][-]{section.20.2}{\376\377\000C\000r\000i\000s\000i\000s\000\040\0002\000:\000\040\000I\000n\000t\000e\000r\000p\000r\000e\000t\000a\000b\000i\000l\000i\000t\000y\000\040\000\040\000N\000o\000e\000t\000i\000c\000\040\000A\000l\000g\000e\000b\000r\000a}{chapter.20}% 96
\BOOKMARK [1][-]{section.20.3}{\376\377\000C\000r\000i\000s\000i\000s\000\040\0003\000:\000\040\000C\000a\000t\000a\000s\000t\000r\000o\000p\000h\000i\000c\000\040\000F\000o\000r\000g\000e\000t\000t\000i\000n\000g\000\040\000\040\000T\000r\000a\000n\000s\000f\000i\000n\000i\000t\000e\000\040\000F\000r\000a\000c\000t\000a\000l\000s}{chapter.20}% 97
\BOOKMARK [1][-]{section.20.4}{\376\377\000C\000r\000i\000s\000i\000s\000\040\0004\000:\000\040\000D\000i\000s\000t\000r\000i\000b\000u\000t\000i\000o\000n\000\040\000S\000h\000i\000f\000t\000\040\000\040\000Q\000u\000a\000n\000t\000u\000m\000\040\000D\000e\000n\000s\000i\000t\000y\000\040\000M\000a\000t\000r\000i\000x}{chapter.20}% 98
\BOOKMARK [1][-]{section.20.5}{\376\377\000C\000r\000i\000s\000i\000s\000\040\0005\000:\000\040\000M\000u\000l\000t\000i\000-\000A\000g\000e\000n\000t\000\040\000E\000m\000e\000r\000g\000e\000n\000c\000e\000\040\000\040\000C\000o\000l\000l\000e\000c\000t\000i\000v\000e\000\040\000I\000F\000S}{chapter.20}% 99
\BOOKMARK [1][-]{section.20.6}{\376\377\000C\000r\000i\000s\000i\000s\000\040\0006\000:\000\040\000V\000a\000l\000u\000e\000\040\000L\000e\000a\000r\000n\000i\000n\000g\000\040\000\040\000N\000o\000e\000t\000i\000c\000\040\000T\000o\000p\000o\000s}{chapter.20}% 100
\BOOKMARK [1][-]{section.20.7}{\376\377\000C\000r\000i\000s\000i\000s\000\040\0007\000:\000\040\000A\000I\000\040\000S\000a\000f\000e\000t\000y\000\040\000\040\000C\000o\000a\000l\000g\000e\000b\000r\000a\000i\000c\000\040\000D\000y\000n\000a\000m\000i\000c\000s}{chapter.20}% 101
\BOOKMARK [0][-]{chapter.21}{\376\377\000T\000K\000S\000\040\000A\000I\000\040\000S\000a\000f\000e\000t\000y\000\040\000S\000t\000a\000c\000k}{part.6}% 102
\BOOKMARK [1][-]{section.21.1}{\376\377\0005\000-\000L\000a\000y\000e\000r\000\040\000A\000r\000c\000h\000i\000t\000e\000c\000t\000u\000r\000e}{chapter.21}% 103
\BOOKMARK [0][-]{chapter.22}{\376\377\000C\000a\000n\000o\000n\000i\000c\000a\000l\000\040\000E\000q\000u\000a\000t\000i\000o\000n\000s\000\040\000f\000o\000r\000\040\000A\000I}{part.6}% 104
\BOOKMARK [-1][-]{part.7}{\376\377\000V\000I\000I\000\040\000T\000K\000S\000\040\000P\000r\000e\000d\000i\000c\000t\000i\000v\000e\000\040\000I\000n\000t\000e\000l\000l\000i\000g\000e\000n\000c\000e\000:\000\040\000T\000h\000r\000e\000a\000t\000\040\000M\000o\000d\000e\000l\000\040\000f\000o\000r\000\040\000M\000a\000s\000s\000\040\000S\000u\000r\000v\000e\000i\000l\000l\000a\000n\000c\000e\000\040\000S\000y\000s\000t\000e\000m\000s}{}% 105
\BOOKMARK [0][-]{chapter.23}{\376\377\000O\000v\000e\000r\000v\000i\000e\000w\000:\000\040\000A\000d\000v\000e\000r\000s\000a\000r\000i\000a\000l\000\040\000B\000e\000h\000a\000v\000i\000o\000r\000a\000l\000\040\000P\000r\000e\000d\000i\000c\000t\000i\000o\000n\000\040\000C\000a\000p\000a\000b\000i\000l\000i\000t\000i\000e\000s}{part.7}% 106
\BOOKMARK [0][-]{chapter.24}{\376\377\000T\000h\000e\000\040\0006\000-\000S\000t\000a\000g\000e\000\040\000P\000i\000p\000e\000l\000i\000n\000e}{part.7}% 107
\BOOKMARK [1][-]{section.24.1}{\376\377\000S\000t\000a\000g\000e\000\040\0001\000:\000\040\000N\000L\000P\000\040\000t\000o\000\040\000N\000o\000e\000t\000i\000c\000\040\000M\000a\000p\000p\000i\000n\000g}{chapter.24}% 108
\BOOKMARK [1][-]{section.24.2}{\376\377\000S\000t\000a\000g\000e\000\040\0002\000:\000\040\000F\000r\000a\000c\000t\000a\000l\000\040\000C\000o\000n\000s\000t\000r\000u\000c\000t\000i\000o\000n}{chapter.24}% 109
\BOOKMARK [1][-]{section.24.3}{\376\377\000S\000t\000a\000g\000e\000\040\0003\000:\000\040\000A\000t\000t\000r\000a\000c\000t\000o\000r\000\040\000C\000o\000m\000p\000u\000t\000a\000t\000i\000o\000n}{chapter.24}% 110
\BOOKMARK [1][-]{section.24.4}{\376\377\000S\000t\000a\000g\000e\000\040\0004\000:\000\040\000R\000P\000M\000\040\000G\000o\000a\000l\000\040\000I\000n\000f\000e\000r\000e\000n\000c\000e}{chapter.24}% 111
\BOOKMARK [1][-]{section.24.5}{\376\377\000S\000t\000a\000g\000e\000\040\0005\000:\000\040\000T\000i\000m\000e\000l\000i\000n\000e\000\040\000P\000r\000e\000d\000i\000c\000t\000i\000o\000n}{chapter.24}% 112
\BOOKMARK [1][-]{section.24.6}{\376\377\000S\000t\000a\000g\000e\000\040\0006\000:\000\040\000V\000u\000l\000n\000e\000r\000a\000b\000i\000l\000i\000t\000y\000\040\000I\000d\000e\000n\000t\000i\000f\000i\000c\000a\000t\000i\000o\000n}{chapter.24}% 113
\BOOKMARK [0][-]{chapter.25}{\376\377\000R\000e\000a\000l\000-\000L\000i\000f\000e\000\040\000P\000r\000e\000d\000i\000c\000t\000i\000o\000n\000\040\000S\000c\000e\000n\000a\000r\000i\000o\000s}{part.7}% 114
\BOOKMARK [1][-]{section.25.1}{\376\377\000S\000c\000e\000n\000a\000r\000i\000o\000\040\0001\000:\000\040\000P\000u\000r\000c\000h\000a\000s\000e\000\040\000B\000e\000h\000a\000v\000i\000o\000r\000\040\000P\000r\000e\000d\000i\000c\000t\000i\000o\000n}{chapter.25}% 115
\BOOKMARK [1][-]{section.25.2}{\376\377\000S\000c\000e\000n\000a\000r\000i\000o\000\040\0002\000:\000\040\000M\000e\000n\000t\000a\000l\000\040\000H\000e\000a\000l\000t\000h\000\040\000C\000r\000i\000s\000i\000s\000\040\000P\000r\000e\000d\000i\000c\000t\000i\000o\000n}{chapter.25}% 116
\BOOKMARK [0][-]{chapter.26}{\376\377\000S\000u\000r\000v\000e\000i\000l\000l\000a\000n\000c\000e\000\040\000C\000a\000p\000a\000b\000i\000l\000i\000t\000y\000\040\000M\000a\000t\000r\000i\000x}{part.7}% 117
\BOOKMARK [0][-]{chapter.27}{\376\377\000C\000a\000n\000o\000n\000i\000c\000a\000l\000\040\000E\000q\000u\000a\000t\000i\000o\000n\000s}{part.7}% 118
\BOOKMARK [1][-]{section.27.1}{\376\377\000P\000i\000p\000e\000l\000i\000n\000e\000\040\000E\000q\000u\000a\000t\000i\000o\000n\000s}{chapter.27}% 119
\BOOKMARK [0][-]{appendix.A}{\376\377\000M\000a\000s\000t\000e\000r\000\040\000E\000q\000u\000a\000t\000i\000o\000n\000\040\000R\000e\000f\000e\000r\000e\000n\000c\000e}{part.7}% 120
\BOOKMARK [1][-]{section.A.1}{\376\377\000P\000s\000y\000c\000h\000o\000l\000o\000g\000y\000\040\000E\000q\000u\000a\000t\000i\000o\000n\000s}{appendix.A}% 121
\BOOKMARK [1][-]{section.A.2}{\376\377\000S\000o\000c\000i\000a\000l\000\040\000E\000n\000g\000i\000n\000e\000e\000r\000i\000n\000g\000\040\000E\000q\000u\000a\000t\000i\000o\000n\000s}{appendix.A}% 122
\BOOKMARK [1][-]{section.A.3}{\376\377\000C\000o\000g\000n\000i\000t\000i\000v\000e\000\040\000W\000a\000r\000f\000a\000r\000e\000\040\000E\000q\000u\000a\000t\000i\000o\000n\000s}{appendix.A}% 123
\BOOKMARK [1][-]{section.A.4}{\376\377\000A\000I\000\040\000R\000e\000s\000o\000l\000u\000t\000i\000o\000n\000\040\000E\000q\000u\000a\000t\000i\000o\000n\000s}{appendix.A}% 124
\BOOKMARK [1][-]{section.A.5}{\376\377\000P\000r\000e\000d\000i\000c\000t\000i\000v\000e\000\040\000I\000n\000t\000e\000l\000l\000i\000g\000e\000n\000c\000e\000\040\000E\000q\000u\000a\000t\000i\000o\000n\000s}{appendix.A}% 125
\BOOKMARK [0][-]{appendix.B}{\376\377\000S\000y\000m\000b\000o\000l\000\040\000R\000e\000f\000e\000r\000e\000n\000c\000e}{part.7}% 126
