\BOOKMARK [0][-]{chapter*.1}{\376\377\000A\000b\000s\000t\000r\000a\000c\000t}{}% 1
\BOOKMARK [0][-]{chapter*.3}{\376\377\000P\000r\000e\000f\000a\000c\000e}{}% 2
\BOOKMARK [-1][-]{part.1}{\376\377\000I\000\040\000F\000o\000u\000n\000d\000a\000t\000i\000o\000n\000s}{}% 3
\BOOKMARK [0][-]{chapter.1}{\376\377\000I\000n\000t\000r\000o\000d\000u\000c\000t\000i\000o\000n}{part.1}% 4
\BOOKMARK [1][-]{section.1.1}{\376\377\000A\000i\000m\000s\000\040\000a\000n\000d\000\040\000S\000c\000o\000p\000e\000\040\000o\000f\000\040\000T\000K\000S}{chapter.1}% 5
\BOOKMARK [1][-]{section.1.2}{\376\377\000T\000h\000e\000\040\000C\000e\000n\000t\000r\000a\000l\000\040\000T\000h\000e\000s\000i\000s}{chapter.1}% 6
\BOOKMARK [1][-]{section.1.3}{\376\377\000v\0006\000.\0001\000\040\000D\000y\000n\000a\000m\000i\000c\000\040\000S\000e\000m\000a\000n\000t\000i\000c\000s\000:\000\040\000O\000v\000e\000r\000v\000i\000e\000w}{chapter.1}% 7
\BOOKMARK [2][-]{subsection.1.3.1}{\376\377\000T\000h\000e\000\040\000R\000P\000M\000\040\000M\000o\000n\000a\000d}{section.1.3}% 8
\BOOKMARK [2][-]{subsection.1.3.2}{\376\377\000N\000o\000e\000t\000i\000c\000\040\000F\000r\000a\000c\000t\000a\000l\000\040\000C\000a\000l\000c\000u\000l\000u\000s}{section.1.3}% 9
\BOOKMARK [1][-]{section.1.4}{\376\377\000N\000o\000t\000a\000t\000i\000o\000n\000\040\000a\000n\000d\000\040\000C\000o\000n\000v\000e\000n\000t\000i\000o\000n\000s}{chapter.1}% 10
\BOOKMARK [0][-]{chapter.2}{\376\377\000C\000a\000n\000o\000n\000i\000c\000a\000l\000\040\000O\000n\000t\000o\000l\000o\000g\000y}{part.1}% 11
\BOOKMARK [1][-]{section.2.1}{\376\377\000T\000h\000e\000\040\000P\000r\000i\000m\000o\000r\000d\000i\000a\000l\000\040\000D\000u\000a\000l\000i\000t\000y\000:\000\040\000M\000i\000n\000d\000\040\000a\000n\000d\000\040\000I\000d\000e\000a}{chapter.2}% 12
\BOOKMARK [1][-]{section.2.2}{\376\377\000T\000h\000e\000\040\000F\000o\000u\000r\000\040\000W\000o\000r\000l\000d\000s}{chapter.2}% 13
\BOOKMARK [1][-]{section.2.3}{\376\377\000T\000h\000e\000\040\0004\0000\000\040\000E\000l\000e\000m\000e\000n\000t\000s}{chapter.2}% 14
\BOOKMARK [2][-]{subsection.2.3.1}{\376\377\000E\000l\000e\000m\000e\000n\000t\000\040\000S\000e\000m\000a\000n\000t\000i\000c\000s\000\040\000b\000y\000\040\000M\000o\000d\000e}{section.2.3}% 15
\BOOKMARK [1][-]{section.2.4}{\376\377\000T\000h\000e\000\040\000T\000e\000n\000\040\000N\000o\000e\000t\000i\000c\000\040\000O\000p\000e\000r\000a\000t\000o\000r\000s}{chapter.2}% 16
\BOOKMARK [2][-]{subsection.2.4.1}{\376\377\000T\000h\000e\000\040\000M\000i\000r\000r\000o\000r\000\040\000P\000r\000i\000n\000c\000i\000p\000l\000e}{section.2.4}% 17
\BOOKMARK [1][-]{section.2.5}{\376\377\000T\000h\000e\000\040\000S\000e\000v\000e\000n\000\040\000F\000o\000u\000n\000d\000a\000t\000i\000o\000n\000s}{chapter.2}% 18
\BOOKMARK [1][-]{section.2.6}{\376\377\000T\000h\000e\000\040\000A\000c\000q\000u\000i\000s\000i\000t\000i\000o\000n\000\040\000S\000p\000a\000c\000e}{chapter.2}% 19
\BOOKMARK [-1][-]{part.2}{\376\377\000I\000I\000\040\000A\000l\000g\000e\000b\000r\000a\000i\000c\000\040\000S\000t\000r\000u\000c\000t\000u\000r\000e\000s}{}% 20
\BOOKMARK [0][-]{chapter.3}{\376\377\000N\000o\000e\000t\000i\000c\000\040\000O\000p\000e\000r\000a\000t\000o\000r\000\040\000A\000l\000g\000e\000b\000r\000a}{part.2}% 21
\BOOKMARK [1][-]{section.3.1}{\376\377\000C\000o\000m\000p\000o\000s\000i\000t\000i\000o\000n\000\040\000a\000s\000\040\000B\000i\000n\000a\000r\000y\000\040\000O\000p\000e\000r\000a\000t\000i\000o\000n}{chapter.3}% 22
\BOOKMARK [1][-]{section.3.2}{\376\377\000F\000u\000n\000d\000a\000m\000e\000n\000t\000a\000l\000\040\000C\000o\000m\000p\000o\000s\000i\000t\000i\000o\000n\000\040\000A\000x\000i\000o\000m\000s}{chapter.3}% 23
\BOOKMARK [1][-]{section.3.3}{\376\377\000T\000h\000e\000\040\000C\000o\000m\000p\000l\000e\000t\000e\000\040\0001\0000\0001\0000\000\040\000N\000o\000e\000t\000i\000c\000\040\000C\000o\000m\000p\000o\000s\000i\000t\000i\000o\000n\000\040\000T\000a\000b\000l\000e}{chapter.3}% 24
\BOOKMARK [1][-]{section.3.4}{\376\377\000D\000u\000a\000l\000i\000t\000i\000e\000s\000\040\000a\000n\000d\000\040\000I\000n\000v\000e\000r\000s\000i\000o\000n\000s}{chapter.3}% 25
\BOOKMARK [1][-]{section.3.5}{\376\377\000C\000o\000m\000m\000u\000t\000a\000t\000o\000r\000s\000\040\000a\000n\000d\000\040\000A\000n\000t\000i\000-\000C\000o\000m\000m\000u\000t\000a\000t\000o\000r\000s}{chapter.3}% 26
\BOOKMARK [1][-]{section.3.6}{\376\377\000E\000i\000g\000e\000n\000m\000o\000d\000e\000s\000\040\000a\000n\000d\000\040\000S\000t\000a\000b\000i\000l\000i\000t\000y}{chapter.3}% 27
\BOOKMARK [0][-]{chapter.4}{\376\377\000A\000l\000g\000e\000b\000r\000a\000i\000c\000\040\000S\000t\000r\000u\000c\000t\000u\000r\000e\000s\000\040\000o\000f\000\040\000T\000o\000o\000t\000r\000a\000\040\000A\000r\000i\000t\000h\000m\000e\000t\000i\000c}{part.2}% 28
\BOOKMARK [1][-]{section.4.1}{\376\377\000T\000h\000e\000\040\000I\000d\000e\000a\000\040\000S\000p\000a\000c\000e\000\040\000a\000s\000\040\000a\000\040\000M\000a\000t\000h\000e\000m\000a\000t\000i\000c\000a\000l\000\040\000S\000t\000r\000u\000c\000t\000u\000r\000e}{chapter.4}% 29
\BOOKMARK [1][-]{section.4.2}{\376\377\000T\000o\000o\000t\000r\000a\000-\000A\000d\000d\000i\000t\000i\000o\000n\000\040\000\050\000T\000\051}{chapter.4}% 30
\BOOKMARK [1][-]{section.4.3}{\376\377\000T\000o\000o\000t\000r\000a\000-\000S\000u\000b\000t\000r\000a\000c\000t\000i\000o\000n\000\040\000\050\000T\000\051}{chapter.4}% 31
\BOOKMARK [1][-]{section.4.4}{\376\377\000T\000o\000o\000t\000r\000a\000-\000M\000u\000l\000t\000i\000p\000l\000i\000c\000a\000t\000i\000o\000n\000\040\000\050\000T\000\051}{chapter.4}% 32
\BOOKMARK [1][-]{section.4.5}{\376\377\000T\000o\000o\000t\000r\000a\000-\000D\000i\000v\000i\000s\000i\000o\000n\000\040\000\050\000T\000\051}{chapter.4}% 33
\BOOKMARK [1][-]{section.4.6}{\376\377\000A\000l\000g\000e\000b\000r\000a\000i\000c\000\040\000S\000t\000r\000u\000c\000t\000u\000r\000e\000\040\000S\000u\000m\000m\000a\000r\000y}{chapter.4}% 34
\BOOKMARK [-1][-]{part.3}{\376\377\000I\000I\000I\000\040\000C\000a\000t\000e\000g\000o\000r\000i\000c\000a\000l\000\040\000F\000r\000a\000m\000e\000w\000o\000r\000k}{}% 35
\BOOKMARK [0][-]{chapter.5}{\376\377\000T\000h\000e\000\040\000C\000a\000t\000e\000g\000o\000r\000y\000\040\000N\000o\000e\000t\000i\000c\000a}{part.3}% 36
\BOOKMARK [1][-]{section.5.1}{\376\377\000D\000e\000f\000i\000n\000i\000t\000i\000o\000n\000\040\000o\000f\000\040\000C\000a\000t\000e\000g\000o\000r\000y\000\040\000N\000o\000e\000t\000i\000c\000a}{chapter.5}% 37
\BOOKMARK [1][-]{section.5.2}{\376\377\000V\000e\000r\000i\000f\000i\000c\000a\000t\000i\000o\000n\000\040\000o\000f\000\040\000C\000a\000t\000e\000g\000o\000r\000y\000\040\000A\000x\000i\000o\000m\000s}{chapter.5}% 38
\BOOKMARK [1][-]{section.5.3}{\376\377\000W\000o\000r\000l\000d\000\040\000S\000u\000b\000c\000a\000t\000e\000g\000o\000r\000i\000e\000s}{chapter.5}% 39
\BOOKMARK [0][-]{chapter.6}{\376\377\000T\000h\000e\000\040\000A\000C\000B\000E\000\040\000F\000u\000n\000c\000t\000o\000r}{part.3}% 40
\BOOKMARK [1][-]{section.6.1}{\376\377\000F\000u\000n\000c\000t\000o\000r\000\040\000D\000e\000f\000i\000n\000i\000t\000i\000o\000n}{chapter.6}% 41
\BOOKMARK [1][-]{section.6.2}{\376\377\000P\000r\000o\000o\000f\000\040\000o\000f\000\040\000F\000u\000n\000c\000t\000o\000r\000i\000a\000l\000i\000t\000y}{chapter.6}% 42
\BOOKMARK [1][-]{section.6.3}{\376\377\000T\000h\000e\000\040\000C\000a\000s\000c\000a\000d\000e\000\040\000D\000e\000c\000o\000m\000p\000o\000s\000i\000t\000i\000o\000n}{chapter.6}% 43
\BOOKMARK [-1][-]{part.4}{\376\377\000I\000V\000\040\000D\000y\000n\000a\000m\000i\000c\000\040\000S\000e\000m\000a\000n\000t\000i\000c\000s}{}% 44
\BOOKMARK [0][-]{chapter.7}{\376\377\000T\000h\000e\000\040\000R\000P\000M\000\040\000M\000o\000n\000a\000d\000\040\000a\000n\000d\000\040\000D\000y\000n\000a\000m\000i\000c\000\040\000E\000v\000a\000l\000u\000a\000t\000i\000o\000n}{part.4}% 45
\BOOKMARK [1][-]{section.7.1}{\376\377\000M\000o\000t\000i\000v\000a\000t\000i\000o\000n\000:\000\040\000P\000r\000e\000r\000e\000q\000u\000i\000s\000i\000t\000e\000s\000\040\000a\000s\000\040\000C\000o\000m\000p\000u\000t\000a\000t\000i\000o\000n\000a\000l\000\040\000E\000f\000f\000e\000c\000t\000s}{chapter.7}% 46
\BOOKMARK [1][-]{section.7.2}{\376\377\000T\000h\000e\000\040\000R\000P\000M\000\040\000T\000y\000p\000e\000\040\000C\000o\000n\000s\000t\000r\000u\000c\000t\000o\000r}{chapter.7}% 47
\BOOKMARK [1][-]{section.7.3}{\376\377\000M\000o\000n\000a\000d\000\040\000S\000t\000r\000u\000c\000t\000u\000r\000e}{chapter.7}% 48
\BOOKMARK [1][-]{section.7.4}{\376\377\000P\000r\000o\000o\000f\000\040\000o\000f\000\040\000M\000o\000n\000a\000d\000\040\000L\000a\000w\000s}{chapter.7}% 49
\BOOKMARK [1][-]{section.7.5}{\376\377\000P\000r\000e\000r\000e\000q\000u\000i\000s\000i\000t\000e\000\040\000C\000h\000e\000c\000k\000i\000n\000g\000\040\000O\000p\000e\000r\000a\000t\000i\000o\000n\000s}{chapter.7}% 50
\BOOKMARK [1][-]{section.7.6}{\376\377\000D\000y\000n\000a\000m\000i\000c\000\040\000E\000v\000a\000l\000u\000a\000t\000i\000o\000n\000\040\000R\000u\000l\000e\000s}{chapter.7}% 51
\BOOKMARK [1][-]{section.7.7}{\376\377\000R\000P\000M\000\040\000D\000i\000a\000g\000n\000o\000s\000t\000i\000c\000\040\000A\000l\000g\000o\000r\000i\000t\000h\000m}{chapter.7}% 52
\BOOKMARK [1][-]{section.7.8}{\376\377\000W\000o\000r\000k\000e\000d\000\040\000E\000x\000a\000m\000p\000l\000e\000s\000:\000\040\000R\000P\000M\000\040\000E\000v\000a\000l\000u\000a\000t\000i\000o\000n}{chapter.7}% 53
\BOOKMARK [0][-]{chapter.8}{\376\377\000N\000o\000e\000t\000i\000c\000\040\000F\000r\000a\000c\000t\000a\000l\000\040\000C\000a\000l\000c\000u\000l\000u\000s\000\040\000a\000n\000d\000\040\000R\000e\000c\000u\000r\000s\000i\000v\000e\000\040\000D\000y\000n\000a\000m\000i\000c\000s}{part.4}% 54
\BOOKMARK [1][-]{section.8.1}{\376\377\000F\000r\000a\000c\000t\000a\000l\000s\000\040\000a\000s\000\040\000H\000i\000g\000h\000e\000r\000-\000O\000r\000d\000e\000r\000\040\000O\000p\000e\000r\000a\000t\000o\000r\000s}{chapter.8}% 55
\BOOKMARK [1][-]{section.8.2}{\376\377\000F\000r\000a\000c\000t\000a\000l\000\040\000C\000o\000m\000p\000o\000s\000i\000t\000i\000o\000n}{chapter.8}% 56
\BOOKMARK [1][-]{section.8.3}{\376\377\000F\000r\000a\000c\000t\000a\000l\000\040\000S\000i\000m\000p\000l\000i\000f\000i\000c\000a\000t\000i\000o\000n}{chapter.8}% 57
\BOOKMARK [1][-]{section.8.4}{\376\377\000F\000r\000a\000c\000t\000a\000l\000\040\000S\000e\000m\000a\000n\000t\000i\000c\000s}{chapter.8}% 58
\BOOKMARK [1][-]{section.8.5}{\376\377\000F\000r\000a\000c\000t\000a\000l\000\040\000I\000t\000e\000r\000a\000t\000i\000o\000n\000\040\000a\000n\000d\000\040\000C\000o\000n\000v\000e\000r\000g\000e\000n\000c\000e}{chapter.8}% 59
\BOOKMARK [1][-]{section.8.6}{\376\377\000F\000r\000a\000c\000t\000a\000l\000\040\000C\000l\000a\000s\000s\000i\000f\000i\000c\000a\000t\000i\000o\000n}{chapter.8}% 60
\BOOKMARK [1][-]{section.8.7}{\376\377\000S\000t\000a\000n\000d\000a\000r\000d\000\040\000F\000r\000a\000c\000t\000a\000l\000\040\000F\000a\000m\000i\000l\000i\000e\000s}{chapter.8}% 61
\BOOKMARK [1][-]{section.8.8}{\376\377\000O\000p\000e\000r\000a\000t\000i\000o\000n\000a\000l\000\040\000S\000e\000m\000a\000n\000t\000i\000c\000s\000\040\000f\000o\000r\000\040\000F\000r\000a\000c\000t\000a\000l\000s}{chapter.8}% 62
\BOOKMARK [1][-]{section.8.9}{\376\377\000W\000o\000r\000k\000e\000d\000\040\000E\000x\000a\000m\000p\000l\000e\000s\000:\000\040\000F\000r\000a\000c\000t\000a\000l\000\040\000E\000v\000a\000l\000u\000a\000t\000i\000o\000n}{chapter.8}% 63
\BOOKMARK [-1][-]{part.5}{\376\377\000V\000\040\000I\000n\000t\000e\000g\000r\000a\000t\000e\000d\000\040\000S\000e\000m\000a\000n\000t\000i\000c\000s}{}% 64
\BOOKMARK [0][-]{chapter.9}{\376\377\000D\000e\000n\000o\000t\000a\000t\000i\000o\000n\000a\000l\000\040\000S\000e\000m\000a\000n\000t\000i\000c\000s}{part.5}% 65
\BOOKMARK [1][-]{section.9.1}{\376\377\000S\000e\000m\000a\000n\000t\000i\000c\000\040\000D\000o\000m\000a\000i\000n\000s}{chapter.9}% 66
\BOOKMARK [1][-]{section.9.2}{\376\377\000E\000x\000p\000r\000e\000s\000s\000i\000o\000n\000\040\000S\000e\000m\000a\000n\000t\000i\000c\000s}{chapter.9}% 67
\BOOKMARK [1][-]{section.9.3}{\376\377\000N\000o\000e\000t\000i\000c\000\040\000F\000u\000n\000c\000t\000i\000o\000n\000\040\000S\000e\000m\000a\000n\000t\000i\000c\000s}{chapter.9}% 68
\BOOKMARK [1][-]{section.9.4}{\376\377\000R\000P\000M\000\040\000S\000e\000m\000a\000n\000t\000i\000c\000s}{chapter.9}% 69
\BOOKMARK [1][-]{section.9.5}{\376\377\000F\000r\000a\000c\000t\000a\000l\000\040\000S\000e\000m\000a\000n\000t\000i\000c\000s}{chapter.9}% 70
\BOOKMARK [1][-]{section.9.6}{\376\377\000A\000C\000B\000E\000\040\000F\000u\000n\000c\000t\000o\000r\000\040\000S\000e\000m\000a\000n\000t\000i\000c\000s}{chapter.9}% 71
\BOOKMARK [1][-]{section.9.7}{\376\377\000C\000o\000m\000p\000o\000s\000i\000t\000i\000o\000n\000a\000l\000i\000t\000y}{chapter.9}% 72
\BOOKMARK [0][-]{chapter.10}{\376\377\000O\000p\000e\000r\000a\000t\000i\000o\000n\000a\000l\000\040\000S\000e\000m\000a\000n\000t\000i\000c\000s}{part.5}% 73
\BOOKMARK [1][-]{section.10.1}{\376\377\000S\000m\000a\000l\000l\000-\000S\000t\000e\000p\000\040\000S\000e\000m\000a\000n\000t\000i\000c\000s}{chapter.10}% 74
\BOOKMARK [1][-]{section.10.2}{\376\377\000B\000i\000g\000-\000S\000t\000e\000p\000\040\000S\000e\000m\000a\000n\000t\000i\000c\000s}{chapter.10}% 75
\BOOKMARK [1][-]{section.10.3}{\376\377\000S\000e\000m\000a\000n\000t\000i\000c\000\040\000E\000q\000u\000i\000v\000a\000l\000e\000n\000c\000e}{chapter.10}% 76
\BOOKMARK [1][-]{section.10.4}{\376\377\000P\000r\000o\000g\000r\000e\000s\000s\000\040\000a\000n\000d\000\040\000P\000r\000e\000s\000e\000r\000v\000a\000t\000i\000o\000n}{chapter.10}% 77
\BOOKMARK [1][-]{section.10.5}{\376\377\000T\000e\000r\000m\000i\000n\000a\000t\000i\000o\000n\000\040\000A\000n\000a\000l\000y\000s\000i\000s}{chapter.10}% 78
\BOOKMARK [1][-]{section.10.6}{\376\377\000I\000n\000t\000e\000g\000r\000a\000t\000e\000d\000\040\000R\000P\000M\000-\000F\000r\000a\000c\000t\000a\000l\000\040\000E\000v\000a\000l\000u\000a\000t\000i\000o\000n}{chapter.10}% 79
\BOOKMARK [-1][-]{part.6}{\376\377\000V\000I\000\040\000T\000y\000p\000e\000\040\000T\000h\000e\000o\000r\000y\000\040\000a\000n\000d\000\040\000L\000a\000n\000g\000u\000a\000g\000e\000\040\000S\000p\000e\000c\000i\000f\000i\000c\000a\000t\000i\000o\000n}{}% 80
\BOOKMARK [0][-]{chapter.11}{\376\377\000T\000y\000p\000e\000\040\000S\000y\000s\000t\000e\000m}{part.6}% 81
\BOOKMARK [1][-]{section.11.1}{\376\377\000B\000a\000s\000e\000\040\000T\000y\000p\000e\000s}{chapter.11}% 82
\BOOKMARK [1][-]{section.11.2}{\376\377\000C\000o\000n\000s\000t\000r\000u\000c\000t\000e\000d\000\040\000T\000y\000p\000e\000s}{chapter.11}% 83
\BOOKMARK [1][-]{section.11.3}{\376\377\000T\000y\000p\000i\000n\000g\000\040\000C\000o\000n\000t\000e\000x\000t\000s}{chapter.11}% 84
\BOOKMARK [1][-]{section.11.4}{\376\377\000T\000y\000p\000i\000n\000g\000\040\000R\000u\000l\000e\000s}{chapter.11}% 85
\BOOKMARK [1][-]{section.11.5}{\376\377\000T\000y\000p\000e\000\040\000I\000n\000f\000e\000r\000e\000n\000c\000e}{chapter.11}% 86
\BOOKMARK [1][-]{section.11.6}{\376\377\000D\000o\000m\000a\000i\000n\000-\000S\000p\000e\000c\000i\000f\000i\000c\000\040\000T\000y\000p\000i\000n\000g}{chapter.11}% 87
\BOOKMARK [1][-]{section.11.7}{\376\377\000T\000y\000p\000e\000\040\000S\000a\000f\000e\000t\000y\000\040\000P\000r\000o\000p\000e\000r\000t\000i\000e\000s}{chapter.11}% 88
\BOOKMARK [0][-]{chapter.12}{\376\377\000L\000a\000n\000g\000u\000a\000g\000e\000\040\000S\000p\000e\000c\000i\000f\000i\000c\000a\000t\000i\000o\000n}{part.6}% 89
\BOOKMARK [1][-]{section.12.1}{\376\377\000L\000e\000x\000i\000c\000a\000l\000\040\000S\000t\000r\000u\000c\000t\000u\000r\000e}{chapter.12}% 90
\BOOKMARK [1][-]{section.12.2}{\376\377\000G\000r\000a\000m\000m\000a\000r}{chapter.12}% 91
\BOOKMARK [1][-]{section.12.3}{\376\377\000C\000o\000n\000c\000r\000e\000t\000e\000\040\000S\000y\000n\000t\000a\000x\000\040\000E\000x\000a\000m\000p\000l\000e\000s}{chapter.12}% 92
\BOOKMARK [1][-]{section.12.4}{\376\377\000A\000b\000s\000t\000r\000a\000c\000t\000\040\000S\000y\000n\000t\000a\000x}{chapter.12}% 93
\BOOKMARK [1][-]{section.12.5}{\376\377\000D\000e\000s\000u\000g\000a\000r\000i\000n\000g\000\040\000R\000u\000l\000e\000s}{chapter.12}% 94
\BOOKMARK [1][-]{section.12.6}{\376\377\000S\000t\000a\000t\000i\000c\000\040\000S\000e\000m\000a\000n\000t\000i\000c\000s\000\040\000S\000u\000m\000m\000a\000r\000y}{chapter.12}% 95
\BOOKMARK [-1][-]{part.7}{\376\377\000V\000I\000I\000\040\000A\000p\000p\000l\000i\000c\000a\000t\000i\000o\000n\000s\000,\000\040\000E\000x\000a\000m\000p\000l\000e\000s\000,\000\040\000a\000n\000d\000\040\000R\000e\000f\000e\000r\000e\000n\000c\000e}{}% 96
\BOOKMARK [0][-]{chapter.13}{\376\377\000C\000o\000m\000p\000r\000e\000h\000e\000n\000s\000i\000v\000e\000\040\000W\000o\000r\000k\000e\000d\000\040\000E\000x\000a\000m\000p\000l\000e\000s}{part.7}% 97
\BOOKMARK [1][-]{section.13.1}{\376\377\000F\000o\000u\000n\000d\000a\000t\000i\000o\000n\000\040\000E\000x\000a\000m\000p\000l\000e\000s}{chapter.13}% 98
\BOOKMARK [1][-]{section.13.2}{\376\377\000F\000r\000a\000c\000t\000a\000l\000\040\000A\000p\000p\000l\000i\000c\000a\000t\000i\000o\000n\000\040\000E\000x\000a\000m\000p\000l\000e\000s}{chapter.13}% 99
\BOOKMARK [1][-]{section.13.3}{\376\377\000R\000P\000M\000\040\000M\000o\000n\000a\000d\000\040\000E\000x\000a\000m\000p\000l\000e\000s}{chapter.13}% 100
\BOOKMARK [1][-]{section.13.4}{\376\377\000I\000n\000t\000e\000g\000r\000a\000t\000e\000d\000\040\000E\000x\000a\000m\000p\000l\000e\000s}{chapter.13}% 101
\BOOKMARK [0][-]{chapter.14}{\376\377\000R\000e\000f\000e\000r\000e\000n\000c\000e\000\040\000T\000a\000b\000l\000e\000s}{part.7}% 102
\BOOKMARK [1][-]{section.14.1}{\376\377\000D\000o\000m\000a\000i\000n\000\040\000R\000e\000f\000e\000r\000e\000n\000c\000e}{chapter.14}% 103
\BOOKMARK [1][-]{section.14.2}{\376\377\000N\000o\000e\000t\000i\000c\000\040\000F\000u\000n\000c\000t\000i\000o\000n\000\040\000R\000e\000f\000e\000r\000e\000n\000c\000e}{chapter.14}% 104
\BOOKMARK [1][-]{section.14.3}{\376\377\000S\000t\000a\000n\000d\000a\000r\000d\000\040\000F\000r\000a\000c\000t\000a\000l\000\040\000R\000e\000f\000e\000r\000e\000n\000c\000e}{chapter.14}% 105
\BOOKMARK [1][-]{section.14.4}{\376\377\000T\000y\000p\000e\000\040\000R\000e\000f\000e\000r\000e\000n\000c\000e}{chapter.14}% 106
\BOOKMARK [0][-]{chapter.15}{\376\377\000A\000p\000p\000e\000n\000d\000i\000c\000e\000s}{part.7}% 107
\BOOKMARK [0][-]{appendix.A}{\376\377\000S\000y\000m\000b\000o\000l\000\040\000I\000n\000d\000e\000x}{part.7}% 108
\BOOKMARK [0][-]{appendix.B}{\376\377\000P\000r\000o\000o\000f\000\040\000S\000u\000m\000m\000a\000r\000i\000e\000s}{part.7}% 109
\BOOKMARK [1][-]{section.B.1}{\376\377\000K\000e\000y\000\040\000T\000h\000e\000o\000r\000e\000m\000s\000\040\000a\000n\000d\000\040\000T\000h\000e\000i\000r\000\040\000P\000r\000o\000o\000f\000s}{appendix.B}% 110
\BOOKMARK [0][-]{appendix.C}{\376\377\000I\000m\000p\000l\000e\000m\000e\000n\000t\000a\000t\000i\000o\000n\000\040\000N\000o\000t\000e\000s}{part.7}% 111
\BOOKMARK [1][-]{section.C.1}{\376\377\000I\000n\000t\000e\000r\000p\000r\000e\000t\000e\000r\000\040\000A\000r\000c\000h\000i\000t\000e\000c\000t\000u\000r\000e}{appendix.C}% 112
\BOOKMARK [1][-]{section.C.2}{\376\377\000D\000a\000t\000a\000\040\000S\000t\000r\000u\000c\000t\000u\000r\000e\000\040\000R\000e\000c\000o\000m\000m\000e\000n\000d\000a\000t\000i\000o\000n\000s}{appendix.C}% 113
\BOOKMARK [1][-]{section.C.3}{\376\377\000O\000p\000t\000i\000m\000i\000z\000a\000t\000i\000o\000n\000\040\000O\000p\000p\000o\000r\000t\000u\000n\000i\000t\000i\000e\000s}{appendix.C}% 114
\BOOKMARK [0][-]{appendix.D}{\376\377\000V\000e\000r\000s\000i\000o\000n\000\040\000H\000i\000s\000t\000o\000r\000y}{part.7}% 115
\BOOKMARK [0][-]{appendix*.4}{\376\377\000A\000c\000k\000n\000o\000w\000l\000e\000d\000g\000m\000e\000n\000t\000s}{part.7}% 116
