\BOOKMARK [0][-]{chapter*.1}{\376\377\000v\0007\000.\0001\000\040\041\222\000\040\000v\0007\000.\0002\000\040\000C\000o\000n\000t\000i\000n\000u\000i\000t\000y\000\040\000B\000r\000i\000d\000g\000e}{}% 1
\BOOKMARK [-1][-]{part.1}{\376\377\000I\000\040\000C\000a\000n\000o\000n\000i\000c\000a\000l\000\040\000R\000e\000f\000e\000r\000e\000n\000c\000e}{}% 2
\BOOKMARK [0][-]{chapter.1}{\376\377\000T\000h\000e\000\040\0002\0008\000\040\000S\000u\000b\000-\000F\000o\000u\000n\000d\000a\000t\000i\000o\000n\000s}{part.1}% 3
\BOOKMARK [1][-]{section.1.1}{\376\377\000S\000u\000b\000-\000F\000o\000u\000n\000d\000a\000t\000i\000o\000n\000\040\000S\000p\000a\000c\000e\000\040\000a\000n\000d\000\040\000L\000a\000t\000t\000i\000c\000e}{chapter.1}% 4
\BOOKMARK [1][-]{section.1.2}{\376\377\000S\000u\000b\000-\000F\000o\000u\000n\000d\000a\000t\000i\000o\000n\000s\000\040\000i\000n\000\040\000v\0007\000.\0002\000\040\000E\000x\000t\000e\000n\000s\000i\000o\000n\000s}{chapter.1}% 5
\BOOKMARK [-1][-]{part.2}{\376\377\000I\000I\000\040\000M\000a\000t\000h\000e\000m\000a\000t\000i\000c\000a\000l\000\040\000D\000e\000e\000p\000e\000n\000i\000n\000g}{}% 6
\BOOKMARK [0][-]{chapter.2}{\376\377\000T\000r\000a\000n\000s\000f\000i\000n\000i\000t\000e\000\040\000N\000o\000e\000t\000i\000c\000\040\000F\000r\000a\000c\000t\000a\000l\000s}{part.2}% 7
\BOOKMARK [1][-]{section.2.1}{\376\377\000O\000r\000d\000i\000n\000a\000l\000-\000I\000n\000d\000e\000x\000e\000d\000\040\000F\000r\000a\000c\000t\000a\000l\000s}{chapter.2}% 8
\BOOKMARK [1][-]{section.2.2}{\376\377\000T\000r\000a\000n\000s\000f\000i\000n\000i\000t\000e\000\040\000F\000r\000a\000c\000t\000a\000l\000\040\000C\000o\000m\000p\000o\000s\000i\000t\000i\000o\000n}{chapter.2}% 9
\BOOKMARK [1][-]{section.2.3}{\376\377\000T\000r\000a\000n\000s\000f\000i\000n\000i\000t\000e\000\040\000E\000i\000g\000e\000n\000f\000r\000a\000c\000t\000a\000l\000s}{chapter.2}% 10
\BOOKMARK [1][-]{section.2.4}{\376\377\000L\000i\000m\000i\000t\000\040\000C\000o\000n\000s\000t\000r\000u\000c\000t\000i\000o\000n\000s}{chapter.2}% 11
\BOOKMARK [1][-]{section.2.5}{\376\377\000T\000r\000a\000n\000s\000f\000i\000n\000i\000t\000e\000\040\000S\000e\000m\000a\000n\000t\000i\000c\000\040\000E\000v\000a\000l\000u\000a\000t\000i\000o\000n}{chapter.2}% 12
\BOOKMARK [0][-]{chapter.3}{\376\377\000M\000e\000a\000s\000u\000r\000e\000\040\000T\000h\000e\000o\000r\000y\000\040\000o\000n\000\040\000I\000d\000e\000a\000\040\000S\000p\000a\000c\000e}{part.2}% 13
\BOOKMARK [1][-]{section.3.1}{\376\377\000S\000i\000g\000m\000a\000-\000A\000l\000g\000e\000b\000r\000a\000s\000\040\000o\000n\000\040\000I\000d\000e\000a\000s}{chapter.3}% 14
\BOOKMARK [1][-]{section.3.2}{\376\377\000M\000e\000a\000s\000u\000r\000e\000s\000\040\000o\000n\000\040\000I\000d\000e\000a\000\040\000S\000p\000a\000c\000e}{chapter.3}% 15
\BOOKMARK [1][-]{section.3.3}{\376\377\000N\000o\000e\000t\000i\000c\000\040\000M\000e\000a\000s\000u\000r\000e\000\040\000T\000r\000a\000n\000s\000f\000o\000r\000m}{chapter.3}% 16
\BOOKMARK [1][-]{section.3.4}{\376\377\000I\000n\000t\000e\000g\000r\000a\000t\000i\000o\000n\000\040\000o\000n\000\040\000I\000d\000e\000a\000\040\000S\000p\000a\000c\000e}{chapter.3}% 17
\BOOKMARK [1][-]{section.3.5}{\376\377\000F\000r\000a\000c\000t\000a\000l\000\040\000I\000n\000t\000e\000g\000r\000a\000t\000i\000o\000n}{chapter.3}% 18
\BOOKMARK [0][-]{chapter.4}{\376\377\000P\000o\000l\000i\000s\000h\000\040\000S\000p\000a\000c\000e\000s\000\040\000a\000n\000d\000\040\000S\000t\000o\000n\000e\000\040\000D\000u\000a\000l\000i\000t\000y}{part.2}% 19
\BOOKMARK [1][-]{section.4.1}{\376\377\000T\000K\000S\000\040\000a\000s\000\040\000P\000o\000l\000i\000s\000h\000\040\000S\000p\000a\000c\000e}{chapter.4}% 20
\BOOKMARK [1][-]{section.4.2}{\376\377\000E\000x\000t\000e\000n\000d\000e\000d\000\040\000P\000o\000l\000i\000s\000h\000\040\000S\000t\000r\000u\000c\000t\000u\000r\000e\000s}{chapter.4}% 21
\BOOKMARK [1][-]{section.4.3}{\376\377\000S\000t\000o\000n\000e\000\040\000D\000u\000a\000l\000i\000t\000y}{chapter.4}% 22
\BOOKMARK [1][-]{section.4.4}{\376\377\000N\000o\000e\000t\000i\000c\000\040\000B\000o\000o\000l\000e\000a\000n\000\040\000H\000o\000m\000o\000m\000o\000r\000p\000h\000i\000s\000m\000s}{chapter.4}% 23
\BOOKMARK [0][-]{chapter.5}{\376\377\000G\000e\000n\000e\000r\000a\000l\000i\000z\000e\000d\000\040\000F\000i\000x\000e\000d\000-\000P\000o\000i\000n\000t\000\040\000T\000h\000e\000o\000r\000e\000m\000s}{part.2}% 24
\BOOKMARK [1][-]{section.5.1}{\376\377\000B\000a\000n\000a\000c\000h\000\040\000F\000i\000x\000e\000d\000-\000P\000o\000i\000n\000t\000\040\000T\000h\000e\000o\000r\000e\000m}{chapter.5}% 25
\BOOKMARK [1][-]{section.5.2}{\376\377\000T\000a\000r\000s\000k\000i\000\040\000F\000i\000x\000e\000d\000-\000P\000o\000i\000n\000t\000\040\000T\000h\000e\000o\000r\000e\000m}{chapter.5}% 26
\BOOKMARK [1][-]{section.5.3}{\376\377\000F\000i\000x\000e\000d\000\040\000P\000o\000i\000n\000t\000s\000\040\000f\000o\000r\000\040\000F\000r\000a\000c\000t\000a\000l\000\040\000O\000p\000e\000r\000a\000t\000o\000r\000s}{chapter.5}% 27
\BOOKMARK [1][-]{section.5.4}{\376\377\000I\000t\000e\000r\000a\000t\000i\000v\000e\000\040\000F\000i\000x\000e\000d\000-\000P\000o\000i\000n\000t\000\040\000C\000o\000m\000p\000u\000t\000a\000t\000i\000o\000n}{chapter.5}% 28
\BOOKMARK [-1][-]{part.3}{\376\377\000I\000I\000I\000\040\000P\000r\000o\000g\000r\000a\000m\000m\000i\000n\000g\000\040\000L\000a\000n\000g\000u\000a\000g\000e\000\040\000E\000x\000p\000a\000n\000s\000i\000o\000n}{}% 29
\BOOKMARK [0][-]{chapter.6}{\376\377\000H\000i\000n\000d\000l\000e\000y\000-\000M\000i\000l\000n\000e\000r\000\040\000T\000y\000p\000e\000\040\000I\000n\000f\000e\000r\000e\000n\000c\000e}{part.3}% 30
\BOOKMARK [1][-]{section.6.1}{\376\377\000T\000y\000p\000e\000\040\000S\000c\000h\000e\000m\000e\000s\000\040\000a\000n\000d\000\040\000P\000o\000l\000y\000m\000o\000r\000p\000h\000i\000s\000m}{chapter.6}% 31
\BOOKMARK [1][-]{section.6.2}{\376\377\000U\000n\000i\000f\000i\000c\000a\000t\000i\000o\000n}{chapter.6}% 32
\BOOKMARK [1][-]{section.6.3}{\376\377\000A\000l\000g\000o\000r\000i\000t\000h\000m\000\040\000W}{chapter.6}% 33
\BOOKMARK [1][-]{section.6.4}{\376\377\000T\000K\000S\000-\000S\000p\000e\000c\000i\000f\000i\000c\000\040\000I\000n\000f\000e\000r\000e\000n\000c\000e\000\040\000R\000u\000l\000e\000s}{chapter.6}% 34
\BOOKMARK [0][-]{chapter.7}{\376\377\000C\000o\000m\000p\000i\000l\000e\000r\000\040\000A\000r\000c\000h\000i\000t\000e\000c\000t\000u\000r\000e}{part.3}% 35
\BOOKMARK [1][-]{section.7.1}{\376\377\000L\000e\000x\000i\000c\000a\000l\000\040\000A\000n\000a\000l\000y\000s\000i\000s}{chapter.7}% 36
\BOOKMARK [1][-]{section.7.2}{\376\377\000A\000b\000s\000t\000r\000a\000c\000t\000\040\000S\000y\000n\000t\000a\000x\000\040\000T\000r\000e\000e}{chapter.7}% 37
\BOOKMARK [1][-]{section.7.3}{\376\377\000I\000n\000t\000e\000r\000m\000e\000d\000i\000a\000t\000e\000\040\000R\000e\000p\000r\000e\000s\000e\000n\000t\000a\000t\000i\000o\000n}{chapter.7}% 38
\BOOKMARK [1][-]{section.7.4}{\376\377\000B\000y\000t\000e\000c\000o\000d\000e\000\040\000S\000p\000e\000c\000i\000f\000i\000c\000a\000t\000i\000o\000n}{chapter.7}% 39
\BOOKMARK [1][-]{section.7.5}{\376\377\000V\000i\000r\000t\000u\000a\000l\000\040\000M\000a\000c\000h\000i\000n\000e}{chapter.7}% 40
\BOOKMARK [0][-]{chapter.8}{\376\377\000E\000f\000f\000e\000c\000t\000\040\000H\000a\000n\000d\000l\000e\000r\000s\000\040\000f\000o\000r\000\040\000R\000P\000M}{part.3}% 41
\BOOKMARK [1][-]{section.8.1}{\376\377\000A\000l\000g\000e\000b\000r\000a\000i\000c\000\040\000E\000f\000f\000e\000c\000t\000s}{chapter.8}% 42
\BOOKMARK [1][-]{section.8.2}{\376\377\000H\000a\000n\000d\000l\000e\000r\000\040\000C\000o\000m\000p\000o\000s\000i\000t\000i\000o\000n}{chapter.8}% 43
\BOOKMARK [1][-]{section.8.3}{\376\377\000S\000h\000a\000l\000l\000o\000w\000\040\000v\000s\000\040\000D\000e\000e\000p\000\040\000H\000a\000n\000d\000l\000e\000r\000s}{chapter.8}% 44
\BOOKMARK [0][-]{chapter.9}{\376\377\000M\000o\000d\000u\000l\000e\000\040\000S\000y\000s\000t\000e\000m\000\040\000a\000n\000d\000\040\000P\000a\000t\000t\000e\000r\000n\000\040\000M\000a\000t\000c\000h\000i\000n\000g}{part.3}% 45
\BOOKMARK [1][-]{section.9.1}{\376\377\000M\000o\000d\000u\000l\000e\000\040\000S\000t\000r\000u\000c\000t\000u\000r\000e}{chapter.9}% 46
\BOOKMARK [1][-]{section.9.2}{\376\377\000P\000a\000t\000t\000e\000r\000n\000\040\000M\000a\000t\000c\000h\000i\000n\000g}{chapter.9}% 47
\BOOKMARK [-1][-]{part.4}{\376\377\000I\000V\000\040\000Q\000u\000a\000n\000t\000u\000m\000\040\000N\000o\000e\000t\000i\000c\000\040\000E\000x\000p\000a\000n\000s\000i\000o\000n}{}% 48
\BOOKMARK [0][-]{chapter.10}{\376\377\000N\000o\000e\000t\000i\000c\000\040\000H\000i\000l\000b\000e\000r\000t\000\040\000S\000p\000a\000c\000e\000s}{part.4}% 49
\BOOKMARK [1][-]{section.10.1}{\376\377\000T\000h\000e\000\040\000N\000o\000e\000t\000i\000c\000\040\000H\000i\000l\000b\000e\000r\000t\000\040\000S\000p\000a\000c\000e}{chapter.10}% 50
\BOOKMARK [1][-]{section.10.2}{\376\377\000N\000o\000e\000t\000i\000c\000s\000\040\000a\000s\000\040\000L\000i\000n\000e\000a\000r\000\040\000O\000p\000e\000r\000a\000t\000o\000r\000s}{chapter.10}% 51
\BOOKMARK [1][-]{section.10.3}{\376\377\000B\000o\000u\000n\000d\000e\000d\000\040\000O\000p\000e\000r\000a\000t\000o\000r\000s\000\040\000a\000n\000d\000\040\000S\000p\000e\000c\000t\000r\000u\000m}{chapter.10}% 52
\BOOKMARK [0][-]{chapter.11}{\376\377\000S\000p\000e\000c\000t\000r\000a\000l\000\040\000T\000h\000e\000o\000r\000y\000\040\000a\000n\000d\000\040\000M\000e\000a\000s\000u\000r\000e\000m\000e\000n\000t}{part.4}% 53
\BOOKMARK [1][-]{section.11.1}{\376\377\000S\000p\000e\000c\000t\000r\000a\000l\000\040\000D\000e\000c\000o\000m\000p\000o\000s\000i\000t\000i\000o\000n}{chapter.11}% 54
\BOOKMARK [1][-]{section.11.2}{\376\377\000Q\000u\000a\000n\000t\000u\000m\000\040\000M\000e\000a\000s\000u\000r\000e\000m\000e\000n\000t}{chapter.11}% 55
\BOOKMARK [1][-]{section.11.3}{\376\377\000P\000O\000V\000M\000\040\000G\000e\000n\000e\000r\000a\000l\000i\000z\000a\000t\000i\000o\000n}{chapter.11}% 56
\BOOKMARK [0][-]{chapter.12}{\376\377\000Q\000u\000a\000n\000t\000u\000m\000\040\000F\000r\000a\000c\000t\000a\000l\000s\000\040\000a\000n\000d\000\040\000E\000n\000t\000a\000n\000g\000l\000e\000m\000e\000n\000t}{part.4}% 57
\BOOKMARK [1][-]{section.12.1}{\376\377\000Q\000u\000a\000n\000t\000u\000m\000\040\000F\000r\000a\000c\000t\000a\000l\000\040\000O\000p\000e\000r\000a\000t\000o\000r\000s}{chapter.12}% 58
\BOOKMARK [1][-]{section.12.2}{\376\377\000M\000u\000l\000t\000i\000-\000I\000d\000e\000a\000\040\000H\000i\000l\000b\000e\000r\000t\000\040\000S\000p\000a\000c\000e}{chapter.12}% 59
\BOOKMARK [1][-]{section.12.3}{\376\377\000E\000n\000t\000a\000n\000g\000l\000e\000d\000\040\000R\000P\000M}{chapter.12}% 60
\BOOKMARK [1][-]{section.12.4}{\376\377\000A\000C\000B\000E\000\040\000a\000s\000\040\000Q\000u\000a\000n\000t\000u\000m\000\040\000C\000h\000a\000n\000n\000e\000l}{chapter.12}% 61
\BOOKMARK [-1][-]{part.5}{\376\377\000V\000\040\000U\000n\000i\000f\000i\000e\000d\000\040\000M\000e\000t\000a\000-\000S\000y\000s\000t\000e\000m}{}% 62
\BOOKMARK [0][-]{chapter.13}{\376\377\000M\000o\000n\000o\000i\000d\000a\000l\000\040\0002\000-\000C\000a\000t\000e\000g\000o\000r\000y\000\040\000S\000t\000r\000u\000c\000t\000u\000r\000e}{part.5}% 63
\BOOKMARK [1][-]{section.13.1}{\376\377\000T\000K\000S\000\040\000a\000s\000\040\0002\000-\000C\000a\000t\000e\000g\000o\000r\000y}{chapter.13}% 64
\BOOKMARK [1][-]{section.13.2}{\376\377\000M\000o\000n\000o\000i\000d\000a\000l\000\040\000S\000t\000r\000u\000c\000t\000u\000r\000e}{chapter.13}% 65
\BOOKMARK [1][-]{section.13.3}{\376\377\000D\000u\000a\000l\000i\000t\000y\000\040\000a\000n\000d\000\040\000T\000r\000a\000c\000e\000s}{chapter.13}% 66
\BOOKMARK [0][-]{chapter.14}{\376\377\000T\000o\000p\000o\000s\000-\000T\000h\000e\000o\000r\000e\000t\000i\000c\000\040\000F\000o\000u\000n\000d\000a\000t\000i\000o\000n\000s}{part.5}% 67
\BOOKMARK [1][-]{section.14.1}{\376\377\000P\000r\000e\000s\000h\000e\000a\000f\000\040\000T\000o\000p\000o\000s}{chapter.14}% 68
\BOOKMARK [1][-]{section.14.2}{\376\377\000S\000u\000b\000o\000b\000j\000e\000c\000t\000\040\000C\000l\000a\000s\000s\000i\000f\000i\000e\000r}{chapter.14}% 69
\BOOKMARK [1][-]{section.14.3}{\376\377\000I\000n\000t\000e\000r\000n\000a\000l\000\040\000L\000o\000g\000i\000c}{chapter.14}% 70
\BOOKMARK [1][-]{section.14.4}{\376\377\000G\000e\000o\000m\000e\000t\000r\000i\000c\000\040\000M\000o\000r\000p\000h\000i\000s\000m\000s}{chapter.14}% 71
\BOOKMARK [0][-]{chapter.15}{\376\377\000C\000o\000a\000l\000g\000e\000b\000r\000a\000i\000c\000\040\000D\000y\000n\000a\000m\000i\000c\000s}{part.5}% 72
\BOOKMARK [1][-]{section.15.1}{\376\377\000T\000K\000S\000\040\000a\000s\000\040\000C\000o\000a\000l\000g\000e\000b\000r\000a}{chapter.15}% 73
\BOOKMARK [1][-]{section.15.2}{\376\377\000F\000i\000n\000a\000l\000\040\000C\000o\000a\000l\000g\000e\000b\000r\000a}{chapter.15}% 74
\BOOKMARK [1][-]{section.15.3}{\376\377\000A\000c\000q\000u\000i\000s\000i\000t\000i\000o\000n\000\040\000D\000y\000n\000a\000m\000i\000c\000s}{chapter.15}% 75
\BOOKMARK [1][-]{section.15.4}{\376\377\000C\000o\000r\000e\000c\000u\000r\000s\000i\000o\000n\000\040\000a\000n\000d\000\040\000C\000o\000i\000t\000e\000r\000a\000t\000i\000o\000n}{chapter.15}% 76
\BOOKMARK [0][-]{chapter.16}{\376\377\000I\000n\000d\000e\000x\000e\000d\000\040\000C\000o\000n\000t\000a\000i\000n\000e\000r\000s\000\040\000f\000o\000r\000\040\000M\000u\000l\000t\000i\000-\000W\000o\000r\000l\000d\000\040\000S\000e\000m\000a\000n\000t\000i\000c\000s}{part.5}% 77
\BOOKMARK [1][-]{section.16.1}{\376\377\000I\000n\000d\000e\000x\000e\000d\000\040\000C\000o\000n\000t\000a\000i\000n\000e\000r\000s}{chapter.16}% 78
\BOOKMARK [1][-]{section.16.2}{\376\377\000M\000u\000l\000t\000i\000-\000W\000o\000r\000l\000d\000\040\000C\000o\000n\000t\000a\000i\000n\000e\000r\000s}{chapter.16}% 79
\BOOKMARK [-1][-]{part.6}{\376\377\000V\000I\000\040\000I\000n\000t\000e\000g\000r\000a\000t\000e\000d\000\040\000W\000o\000r\000k\000e\000d\000\040\000E\000x\000a\000m\000p\000l\000e\000s}{}% 80
\BOOKMARK [0][-]{chapter.17}{\376\377\000C\000o\000m\000p\000r\000e\000h\000e\000n\000s\000i\000v\000e\000\040\000E\000x\000a\000m\000p\000l\000e\000s}{part.6}% 81
\BOOKMARK [1][-]{section.17.1}{\376\377\000E\000x\000a\000m\000p\000l\000e\000:\000\040\000T\000r\000a\000n\000s\000f\000i\000n\000i\000t\000e\000\040\000A\000C\000B\000E\000\040\000C\000a\000s\000c\000a\000d\000e}{chapter.17}% 82
\BOOKMARK [1][-]{section.17.2}{\376\377\000E\000x\000a\000m\000p\000l\000e\000:\000\040\000Q\000u\000a\000n\000t\000u\000m\000\040\000R\000P\000M\000\040\000w\000i\000t\000h\000\040\000T\000y\000p\000e\000\040\000I\000n\000f\000e\000r\000e\000n\000c\000e}{chapter.17}% 83
\BOOKMARK [1][-]{section.17.3}{\376\377\000E\000x\000a\000m\000p\000l\000e\000:\000\040\000T\000o\000p\000o\000s\000-\000T\000h\000e\000o\000r\000e\000t\000i\000c\000\040\000N\000o\000e\000t\000i\000c\000\040\000L\000o\000g\000i\000c}{chapter.17}% 84
\BOOKMARK [1][-]{section.17.4}{\376\377\000E\000x\000a\000m\000p\000l\000e\000:\000\040\000C\000o\000a\000l\000g\000e\000b\000r\000a\000i\000c\000\040\000F\000r\000a\000c\000t\000a\000l\000\040\000B\000e\000h\000a\000v\000i\000o\000r}{chapter.17}% 85
\BOOKMARK [-1][-]{part.7}{\376\377\000V\000I\000I\000\040\000A\000p\000p\000e\000n\000d\000i\000c\000e\000s}{}% 86
\BOOKMARK [0][-]{chapter.18}{\376\377\000S\000y\000m\000b\000o\000l\000\040\000R\000e\000f\000e\000r\000e\000n\000c\000e}{part.7}% 87
\BOOKMARK [0][-]{chapter.19}{\376\377\000V\000e\000r\000s\000i\000o\000n\000\040\000H\000i\000s\000t\000o\000r\000y}{part.7}% 88
