\BOOKMARK [0][-]{chapter*.1}{\376\377\000v\0007\000.\0000\000\040\041\222\000\040\000v\0007\000.\0001\000\040\000C\000o\000n\000t\000i\000n\000u\000i\000t\000y\000\040\000B\000r\000i\000d\000g\000e}{}% 1
\BOOKMARK [-1][-]{part.1}{\376\377\000I\000\040\000C\000a\000n\000o\000n\000i\000c\000a\000l\000\040\000R\000e\000f\000e\000r\000e\000n\000c\000e}{}% 2
\BOOKMARK [0][-]{chapter.1}{\376\377\000T\000h\000e\000\040\0002\0008\000\040\000S\000u\000b\000-\000F\000o\000u\000n\000d\000a\000t\000i\000o\000n\000s}{part.1}% 3
\BOOKMARK [-1][-]{part.2}{\376\377\000I\000I\000\040\000C\000a\000t\000e\000g\000o\000r\000i\000c\000a\000l\000\040\000E\000x\000t\000e\000n\000s\000i\000o\000n\000s}{}% 4
\BOOKMARK [0][-]{chapter.2}{\376\377\000N\000a\000t\000u\000r\000a\000l\000\040\000T\000r\000a\000n\000s\000f\000o\000r\000m\000a\000t\000i\000o\000n\000s\000\040\000B\000e\000t\000w\000e\000e\000n\000\040\000W\000o\000r\000l\000d\000s}{part.2}% 5
\BOOKMARK [1][-]{section.2.1}{\376\377\000W\000o\000r\000l\000d\000\040\000F\000u\000n\000c\000t\000o\000r\000s}{chapter.2}% 6
\BOOKMARK [1][-]{section.2.2}{\376\377\000I\000n\000t\000e\000r\000-\000W\000o\000r\000l\000d\000\040\000N\000a\000t\000u\000r\000a\000l\000\040\000T\000r\000a\000n\000s\000f\000o\000r\000m\000a\000t\000i\000o\000n\000s}{chapter.2}% 7
\BOOKMARK [1][-]{section.2.3}{\376\377\000A\000C\000B\000E\000\040\000a\000s\000\040\000C\000o\000m\000p\000o\000s\000i\000t\000e\000\040\000N\000a\000t\000u\000r\000a\000l\000\040\000T\000r\000a\000n\000s\000f\000o\000r\000m\000a\000t\000i\000o\000n}{chapter.2}% 8
\BOOKMARK [1][-]{section.2.4}{\376\377\000V\000e\000r\000t\000i\000c\000a\000l\000\040\000C\000o\000m\000p\000o\000s\000i\000t\000i\000o\000n\000\040\000a\000n\000d\000\040\0002\000-\000C\000a\000t\000e\000g\000o\000r\000y\000\040\000S\000t\000r\000u\000c\000t\000u\000r\000e}{chapter.2}% 9
\BOOKMARK [-1][-]{part.3}{\376\377\000I\000I\000I\000\040\000E\000x\000t\000e\000n\000d\000e\000d\000\040\000F\000o\000r\000m\000a\000l\000\040\000S\000e\000m\000a\000n\000t\000i\000c\000s}{}% 10
\BOOKMARK [0][-]{chapter.3}{\376\377\000D\000o\000m\000a\000i\000n\000-\000T\000h\000e\000o\000r\000e\000t\000i\000c\000\040\000F\000o\000u\000n\000d\000a\000t\000i\000o\000n\000s}{part.3}% 11
\BOOKMARK [1][-]{section.3.1}{\376\377\000D\000i\000r\000e\000c\000t\000e\000d\000-\000C\000o\000m\000p\000l\000e\000t\000e\000\040\000P\000a\000r\000t\000i\000a\000l\000\040\000O\000r\000d\000e\000r\000s}{chapter.3}% 12
\BOOKMARK [1][-]{section.3.2}{\376\377\000S\000c\000o\000t\000t\000\040\000T\000o\000p\000o\000l\000o\000g\000y}{chapter.3}% 13
\BOOKMARK [1][-]{section.3.3}{\376\377\000F\000i\000x\000e\000d\000-\000P\000o\000i\000n\000t\000\040\000T\000h\000e\000o\000r\000e\000m\000s}{chapter.3}% 14
\BOOKMARK [1][-]{section.3.4}{\376\377\000C\000o\000n\000t\000i\000n\000u\000o\000u\000s\000\040\000L\000a\000t\000t\000i\000c\000e\000\040\000S\000t\000r\000u\000c\000t\000u\000r\000e}{chapter.3}% 15
\BOOKMARK [0][-]{chapter.4}{\376\377\000E\000x\000t\000e\000n\000d\000e\000d\000\040\000D\000e\000n\000o\000t\000a\000t\000i\000o\000n\000a\000l\000\040\000S\000e\000m\000a\000n\000t\000i\000c\000s}{part.3}% 16
\BOOKMARK [1][-]{section.4.1}{\376\377\000D\000o\000m\000a\000i\000n\000-\000T\000h\000e\000o\000r\000e\000t\000i\000c\000\040\000S\000e\000m\000a\000n\000t\000i\000c\000\040\000F\000u\000n\000c\000t\000i\000o\000n}{chapter.4}% 17
\BOOKMARK [1][-]{section.4.2}{\376\377\000L\000o\000g\000i\000c\000a\000l\000\040\000R\000e\000l\000a\000t\000i\000o\000n\000s}{chapter.4}% 18
\BOOKMARK [1][-]{section.4.3}{\376\377\000F\000u\000l\000l\000\040\000A\000b\000s\000t\000r\000a\000c\000t\000i\000o\000n}{chapter.4}% 19
\BOOKMARK [1][-]{section.4.4}{\376\377\000M\000e\000t\000r\000i\000c\000\040\000S\000e\000m\000a\000n\000t\000i\000c\000s\000\040\000f\000o\000r\000\040\000F\000r\000a\000c\000t\000a\000l\000\040\000C\000o\000n\000v\000e\000r\000g\000e\000n\000c\000e}{chapter.4}% 20
\BOOKMARK [0][-]{chapter.5}{\376\377\000T\000o\000p\000o\000l\000o\000g\000i\000c\000a\000l\000\040\000S\000t\000r\000u\000c\000t\000u\000r\000e\000\040\000o\000f\000\040\000N\000o\000e\000t\000i\000c\000\040\000S\000p\000a\000c\000e}{part.3}% 21
\BOOKMARK [1][-]{section.5.1}{\376\377\000N\000o\000e\000t\000i\000c\000\040\000S\000p\000a\000c\000e\000\040\000a\000s\000\040\000T\000o\000p\000o\000l\000o\000g\000i\000c\000a\000l\000\040\000S\000p\000a\000c\000e}{chapter.5}% 22
\BOOKMARK [1][-]{section.5.2}{\376\377\000W\000o\000r\000l\000d\000\040\000M\000a\000n\000i\000f\000o\000l\000d\000\040\000S\000t\000r\000u\000c\000t\000u\000r\000e}{chapter.5}% 23
\BOOKMARK [1][-]{section.5.3}{\376\377\000S\000h\000e\000a\000f\000-\000T\000h\000e\000o\000r\000e\000t\000i\000c\000\040\000I\000n\000t\000e\000r\000p\000r\000e\000t\000a\000t\000i\000o\000n}{chapter.5}% 24
\BOOKMARK [1][-]{section.5.4}{\376\377\000F\000r\000a\000c\000t\000a\000l\000\040\000D\000i\000m\000e\000n\000s\000i\000o\000n\000\040\000T\000h\000e\000o\000r\000y}{chapter.5}% 25
\BOOKMARK [-1][-]{part.4}{\376\377\000I\000V\000\040\000A\000d\000v\000a\000n\000c\000e\000d\000\040\000R\000P\000M\000\040\000T\000h\000e\000o\000r\000y}{}% 26
\BOOKMARK [0][-]{chapter.6}{\376\377\000M\000u\000l\000t\000i\000-\000G\000o\000a\000l\000\040\000R\000P\000M\000\040\000A\000l\000g\000e\000b\000r\000a}{part.4}% 27
\BOOKMARK [1][-]{section.6.1}{\376\377\000R\000P\000M\000\040\000P\000r\000o\000d\000u\000c\000t\000s}{chapter.6}% 28
\BOOKMARK [1][-]{section.6.2}{\376\377\000R\000P\000M\000\040\000C\000o\000p\000r\000o\000d\000u\000c\000t\000s}{chapter.6}% 29
\BOOKMARK [1][-]{section.6.3}{\376\377\000M\000u\000l\000t\000i\000-\000G\000o\000a\000l\000\040\000P\000u\000r\000s\000u\000i\000t}{chapter.6}% 30
\BOOKMARK [0][-]{chapter.7}{\376\377\000V\000e\000r\000s\000i\000o\000n\000\040\000H\000i\000s\000t\000o\000r\000y}{part.4}% 31
