\BOOKMARK [0][-]{chapter*.1}{\376\377\000W\000h\000a\000t\000'\000s\000\040\000N\000e\000w\000\040\000i\000n\000\040\000V\000e\000r\000s\000i\000o\000n\000\040\0007\000.\0000}{}% 1
\BOOKMARK [0][-]{chapter*.2}{\376\377\000A\000b\000s\000t\000r\000a\000c\000t}{}% 2
\BOOKMARK [0][-]{chapter*.4}{\376\377\000P\000r\000e\000f\000a\000c\000e}{}% 3
\BOOKMARK [-1][-]{part.1}{\376\377\000I\000\040\000F\000o\000u\000n\000d\000a\000t\000i\000o\000n\000s}{}% 4
\BOOKMARK [0][-]{chapter.1}{\376\377\000I\000n\000t\000r\000o\000d\000u\000c\000t\000i\000o\000n}{part.1}% 5
\BOOKMARK [1][-]{section.1.1}{\376\377\000A\000i\000m\000s\000\040\000a\000n\000d\000\040\000S\000c\000o\000p\000e\000\040\000o\000f\000\040\000T\000K\000S}{chapter.1}% 6
\BOOKMARK [1][-]{section.1.2}{\376\377\000T\000h\000e\000\040\000C\000e\000n\000t\000r\000a\000l\000\040\000T\000h\000e\000s\000i\000s}{chapter.1}% 7
\BOOKMARK [1][-]{section.1.3}{\376\377\000v\0006\000.\0001\000\040\000D\000y\000n\000a\000m\000i\000c\000\040\000S\000e\000m\000a\000n\000t\000i\000c\000s\000:\000\040\000O\000v\000e\000r\000v\000i\000e\000w}{chapter.1}% 8
\BOOKMARK [2][-]{subsection.1.3.1}{\376\377\000T\000h\000e\000\040\000R\000P\000M\000\040\000M\000o\000n\000a\000d}{section.1.3}% 9
\BOOKMARK [2][-]{subsection.1.3.2}{\376\377\000N\000o\000e\000t\000i\000c\000\040\000F\000r\000a\000c\000t\000a\000l\000\040\000C\000a\000l\000c\000u\000l\000u\000s}{section.1.3}% 10
\BOOKMARK [1][-]{section.1.4}{\376\377\000N\000o\000t\000a\000t\000i\000o\000n\000\040\000a\000n\000d\000\040\000C\000o\000n\000v\000e\000n\000t\000i\000o\000n\000s}{chapter.1}% 11
\BOOKMARK [0][-]{chapter.2}{\376\377\000C\000a\000n\000o\000n\000i\000c\000a\000l\000\040\000O\000n\000t\000o\000l\000o\000g\000y}{part.1}% 12
\BOOKMARK [1][-]{section.2.1}{\376\377\000T\000h\000e\000\040\000P\000r\000i\000m\000o\000r\000d\000i\000a\000l\000\040\000D\000u\000a\000l\000i\000t\000y\000:\000\040\000M\000i\000n\000d\000\040\000a\000n\000d\000\040\000I\000d\000e\000a}{chapter.2}% 13
\BOOKMARK [1][-]{section.2.2}{\376\377\000T\000h\000e\000\040\000F\000o\000u\000r\000\040\000W\000o\000r\000l\000d\000s}{chapter.2}% 14
\BOOKMARK [1][-]{section.2.3}{\376\377\000T\000h\000e\000\040\0004\0000\000\040\000E\000l\000e\000m\000e\000n\000t\000s}{chapter.2}% 15
\BOOKMARK [2][-]{subsection.2.3.1}{\376\377\000E\000l\000e\000m\000e\000n\000t\000\040\000S\000e\000m\000a\000n\000t\000i\000c\000s\000\040\000b\000y\000\040\000M\000o\000d\000e}{section.2.3}% 16
\BOOKMARK [1][-]{section.2.4}{\376\377\000T\000h\000e\000\040\000T\000e\000n\000\040\000N\000o\000e\000t\000i\000c\000\040\000O\000p\000e\000r\000a\000t\000o\000r\000s}{chapter.2}% 17
\BOOKMARK [2][-]{subsection.2.4.1}{\376\377\000T\000h\000e\000\040\000M\000i\000r\000r\000o\000r\000\040\000P\000r\000i\000n\000c\000i\000p\000l\000e}{section.2.4}% 18
\BOOKMARK [1][-]{section.2.5}{\376\377\000T\000h\000e\000\040\000S\000e\000v\000e\000n\000\040\000F\000o\000u\000n\000d\000a\000t\000i\000o\000n\000s}{chapter.2}% 19
\BOOKMARK [1][-]{section.2.6}{\376\377\000T\000h\000e\000\040\000A\000c\000q\000u\000i\000s\000i\000t\000i\000o\000n\000\040\000S\000p\000a\000c\000e}{chapter.2}% 20
\BOOKMARK [-1][-]{part.2}{\376\377\000I\000I\000\040\000A\000l\000g\000e\000b\000r\000a\000i\000c\000\040\000S\000t\000r\000u\000c\000t\000u\000r\000e\000s}{}% 21
\BOOKMARK [0][-]{chapter.3}{\376\377\000N\000o\000e\000t\000i\000c\000\040\000O\000p\000e\000r\000a\000t\000o\000r\000\040\000A\000l\000g\000e\000b\000r\000a}{part.2}% 22
\BOOKMARK [1][-]{section.3.1}{\376\377\000C\000o\000m\000p\000o\000s\000i\000t\000i\000o\000n\000\040\000a\000s\000\040\000B\000i\000n\000a\000r\000y\000\040\000O\000p\000e\000r\000a\000t\000i\000o\000n}{chapter.3}% 23
\BOOKMARK [1][-]{section.3.2}{\376\377\000F\000u\000n\000d\000a\000m\000e\000n\000t\000a\000l\000\040\000C\000o\000m\000p\000o\000s\000i\000t\000i\000o\000n\000\040\000A\000x\000i\000o\000m\000s}{chapter.3}% 24
\BOOKMARK [1][-]{section.3.3}{\376\377\000T\000h\000e\000\040\000C\000o\000m\000p\000l\000e\000t\000e\000\040\0001\0000\0001\0000\000\040\000N\000o\000e\000t\000i\000c\000\040\000C\000o\000m\000p\000o\000s\000i\000t\000i\000o\000n\000\040\000T\000a\000b\000l\000e}{chapter.3}% 25
\BOOKMARK [1][-]{section.3.4}{\376\377\000D\000u\000a\000l\000i\000t\000i\000e\000s\000\040\000a\000n\000d\000\040\000I\000n\000v\000e\000r\000s\000i\000o\000n\000s}{chapter.3}% 26
\BOOKMARK [1][-]{section.3.5}{\376\377\000C\000o\000m\000m\000u\000t\000a\000t\000o\000r\000s\000\040\000a\000n\000d\000\040\000A\000n\000t\000i\000-\000C\000o\000m\000m\000u\000t\000a\000t\000o\000r\000s}{chapter.3}% 27
\BOOKMARK [1][-]{section.3.6}{\376\377\000E\000i\000g\000e\000n\000m\000o\000d\000e\000s\000\040\000a\000n\000d\000\040\000S\000t\000a\000b\000i\000l\000i\000t\000y}{chapter.3}% 28
\BOOKMARK [0][-]{chapter.4}{\376\377\000A\000l\000g\000e\000b\000r\000a\000i\000c\000\040\000S\000t\000r\000u\000c\000t\000u\000r\000e\000s\000\040\000o\000f\000\040\000T\000o\000o\000t\000r\000a\000\040\000A\000r\000i\000t\000h\000m\000e\000t\000i\000c}{part.2}% 29
\BOOKMARK [1][-]{section.4.1}{\376\377\000T\000h\000e\000\040\000I\000d\000e\000a\000\040\000S\000p\000a\000c\000e\000\040\000a\000s\000\040\000a\000\040\000M\000a\000t\000h\000e\000m\000a\000t\000i\000c\000a\000l\000\040\000S\000t\000r\000u\000c\000t\000u\000r\000e}{chapter.4}% 30
\BOOKMARK [1][-]{section.4.2}{\376\377\000T\000o\000o\000t\000r\000a\000-\000A\000d\000d\000i\000t\000i\000o\000n\000\040\000\050\000T\000\051}{chapter.4}% 31
\BOOKMARK [1][-]{section.4.3}{\376\377\000T\000o\000o\000t\000r\000a\000-\000S\000u\000b\000t\000r\000a\000c\000t\000i\000o\000n\000\040\000\050\000T\000\051}{chapter.4}% 32
\BOOKMARK [1][-]{section.4.4}{\376\377\000T\000o\000o\000t\000r\000a\000-\000M\000u\000l\000t\000i\000p\000l\000i\000c\000a\000t\000i\000o\000n\000\040\000\050\000T\000\051}{chapter.4}% 33
\BOOKMARK [1][-]{section.4.5}{\376\377\000T\000o\000o\000t\000r\000a\000-\000D\000i\000v\000i\000s\000i\000o\000n\000\040\000\050\000T\000\051}{chapter.4}% 34
\BOOKMARK [1][-]{section.4.6}{\376\377\000A\000l\000g\000e\000b\000r\000a\000i\000c\000\040\000S\000t\000r\000u\000c\000t\000u\000r\000e\000\040\000S\000u\000m\000m\000a\000r\000y}{chapter.4}% 35
\BOOKMARK [-1][-]{part.3}{\376\377\000I\000I\000I\000\040\000C\000a\000t\000e\000g\000o\000r\000i\000c\000a\000l\000\040\000F\000r\000a\000m\000e\000w\000o\000r\000k}{}% 36
\BOOKMARK [0][-]{chapter.5}{\376\377\000T\000h\000e\000\040\000C\000a\000t\000e\000g\000o\000r\000y\000\040\000N\000o\000e\000t\000i\000c\000a}{part.3}% 37
\BOOKMARK [1][-]{section.5.1}{\376\377\000D\000e\000f\000i\000n\000i\000t\000i\000o\000n\000\040\000o\000f\000\040\000C\000a\000t\000e\000g\000o\000r\000y\000\040\000N\000o\000e\000t\000i\000c\000a}{chapter.5}% 38
\BOOKMARK [1][-]{section.5.2}{\376\377\000V\000e\000r\000i\000f\000i\000c\000a\000t\000i\000o\000n\000\040\000o\000f\000\040\000C\000a\000t\000e\000g\000o\000r\000y\000\040\000A\000x\000i\000o\000m\000s}{chapter.5}% 39
\BOOKMARK [1][-]{section.5.3}{\376\377\000W\000o\000r\000l\000d\000\040\000S\000u\000b\000c\000a\000t\000e\000g\000o\000r\000i\000e\000s}{chapter.5}% 40
\BOOKMARK [0][-]{chapter.6}{\376\377\000T\000h\000e\000\040\000A\000C\000B\000E\000\040\000F\000u\000n\000c\000t\000o\000r}{part.3}% 41
\BOOKMARK [1][-]{section.6.1}{\376\377\000F\000u\000n\000c\000t\000o\000r\000\040\000D\000e\000f\000i\000n\000i\000t\000i\000o\000n}{chapter.6}% 42
\BOOKMARK [1][-]{section.6.2}{\376\377\000P\000r\000o\000o\000f\000\040\000o\000f\000\040\000F\000u\000n\000c\000t\000o\000r\000i\000a\000l\000i\000t\000y}{chapter.6}% 43
\BOOKMARK [1][-]{section.6.3}{\376\377\000T\000h\000e\000\040\000C\000a\000s\000c\000a\000d\000e\000\040\000D\000e\000c\000o\000m\000p\000o\000s\000i\000t\000i\000o\000n}{chapter.6}% 44
\BOOKMARK [-1][-]{part.4}{\376\377\000I\000V\000\040\000R\000P\000M\000\040\000M\000o\000n\000a\000d\000\040\000T\000h\000e\000o\000r\000y\000\040\000a\000n\000d\000\040\000N\000o\000e\000t\000i\000c\000\040\000F\000r\000a\000c\000t\000a\000l\000\040\000C\000a\000l\000c\000u\000l\000u\000s}{}% 45
\BOOKMARK [0][-]{chapter.7}{\376\377\000T\000h\000e\000\040\000R\000P\000M\000\040\000M\000o\000n\000a\000d\000:\000\040\000C\000o\000m\000p\000l\000e\000t\000e\000\040\000T\000h\000e\000o\000r\000y}{part.4}% 46
\BOOKMARK [1][-]{section.7.1}{\376\377\000M\000o\000t\000i\000v\000a\000t\000i\000o\000n\000:\000\040\000P\000r\000e\000r\000e\000q\000u\000i\000s\000i\000t\000e\000s\000\040\000a\000s\000\040\000C\000o\000m\000p\000u\000t\000a\000t\000i\000o\000n\000a\000l\000\040\000E\000f\000f\000e\000c\000t\000s}{chapter.7}% 47
\BOOKMARK [1][-]{section.7.2}{\376\377\000T\000h\000e\000\040\000R\000P\000M\000\040\000T\000y\000p\000e\000\040\000C\000o\000n\000s\000t\000r\000u\000c\000t\000o\000r}{chapter.7}% 48
\BOOKMARK [1][-]{section.7.3}{\376\377\000M\000o\000n\000a\000d\000\040\000S\000t\000r\000u\000c\000t\000u\000r\000e}{chapter.7}% 49
\BOOKMARK [1][-]{section.7.4}{\376\377\000P\000r\000o\000o\000f\000\040\000o\000f\000\040\000M\000o\000n\000a\000d\000\040\000L\000a\000w\000s}{chapter.7}% 50
\BOOKMARK [1][-]{section.7.5}{\376\377\000P\000r\000e\000r\000e\000q\000u\000i\000s\000i\000t\000e\000\040\000C\000h\000e\000c\000k\000i\000n\000g\000\040\000O\000p\000e\000r\000a\000t\000i\000o\000n\000s}{chapter.7}% 51
\BOOKMARK [1][-]{section.7.6}{\376\377\000D\000y\000n\000a\000m\000i\000c\000\040\000E\000v\000a\000l\000u\000a\000t\000i\000o\000n\000\040\000R\000u\000l\000e\000s}{chapter.7}% 52
\BOOKMARK [1][-]{section.7.7}{\376\377\000R\000P\000M\000\040\000D\000i\000a\000g\000n\000o\000s\000t\000i\000c\000\040\000A\000l\000g\000o\000r\000i\000t\000h\000m}{chapter.7}% 53
\BOOKMARK [1][-]{section.7.8}{\376\377\000W\000o\000r\000k\000e\000d\000\040\000E\000x\000a\000m\000p\000l\000e\000s\000:\000\040\000R\000P\000M\000\040\000E\000v\000a\000l\000u\000a\000t\000i\000o\000n\000\040\000\050\000v\0006\000.\0001\000\051}{chapter.7}% 54
\BOOKMARK [1][-]{section.7.9}{\376\377\000T\000h\000e\000\040\000K\000l\000e\000i\000s\000l\000i\000\040\000C\000a\000t\000e\000g\000o\000r\000y\000\040\000f\000o\000r\000\040\000R\000P\000M}{chapter.7}% 55
\BOOKMARK [1][-]{section.7.10}{\376\377\000R\000P\000M\000\040\000a\000s\000\040\000a\000n\000\040\000A\000l\000g\000e\000b\000r\000a\000i\000c\000\040\000E\000f\000f\000e\000c\000t}{chapter.7}% 56
\BOOKMARK [1][-]{section.7.11}{\376\377\000M\000u\000l\000t\000i\000-\000G\000o\000a\000l\000\040\000R\000P\000M\000\040\000S\000t\000r\000u\000c\000t\000u\000r\000e\000s}{chapter.7}% 57
\BOOKMARK [0][-]{chapter.8}{\376\377\000N\000o\000e\000t\000i\000c\000\040\000F\000r\000a\000c\000t\000a\000l\000\040\000C\000a\000l\000c\000u\000l\000u\000s\000:\000\040\000C\000o\000m\000p\000l\000e\000t\000e\000\040\000T\000h\000e\000o\000r\000y}{part.4}% 58
\BOOKMARK [1][-]{section.8.1}{\376\377\000F\000r\000a\000c\000t\000a\000l\000s\000\040\000a\000s\000\040\000H\000i\000g\000h\000e\000r\000-\000O\000r\000d\000e\000r\000\040\000O\000p\000e\000r\000a\000t\000o\000r\000s}{chapter.8}% 59
\BOOKMARK [1][-]{section.8.2}{\376\377\000F\000r\000a\000c\000t\000a\000l\000\040\000C\000o\000m\000p\000o\000s\000i\000t\000i\000o\000n}{chapter.8}% 60
\BOOKMARK [1][-]{section.8.3}{\376\377\000F\000r\000a\000c\000t\000a\000l\000\040\000S\000i\000m\000p\000l\000i\000f\000i\000c\000a\000t\000i\000o\000n}{chapter.8}% 61
\BOOKMARK [1][-]{section.8.4}{\376\377\000F\000r\000a\000c\000t\000a\000l\000\040\000S\000e\000m\000a\000n\000t\000i\000c\000s}{chapter.8}% 62
\BOOKMARK [1][-]{section.8.5}{\376\377\000F\000r\000a\000c\000t\000a\000l\000\040\000I\000t\000e\000r\000a\000t\000i\000o\000n\000\040\000a\000n\000d\000\040\000C\000o\000n\000v\000e\000r\000g\000e\000n\000c\000e\000\040\000\050\000v\0006\000.\0001\000\051}{chapter.8}% 63
\BOOKMARK [1][-]{section.8.6}{\376\377\000F\000r\000a\000c\000t\000a\000l\000\040\000C\000l\000a\000s\000s\000i\000f\000i\000c\000a\000t\000i\000o\000n}{chapter.8}% 64
\BOOKMARK [1][-]{section.8.7}{\376\377\000S\000t\000a\000n\000d\000a\000r\000d\000\040\000F\000r\000a\000c\000t\000a\000l\000\040\000F\000a\000m\000i\000l\000i\000e\000s}{chapter.8}% 65
\BOOKMARK [1][-]{section.8.8}{\376\377\000O\000p\000e\000r\000a\000t\000i\000o\000n\000a\000l\000\040\000S\000e\000m\000a\000n\000t\000i\000c\000s\000\040\000f\000o\000r\000\040\000F\000r\000a\000c\000t\000a\000l\000s\000\040\000\050\000v\0006\000.\0001\000\051}{chapter.8}% 66
\BOOKMARK [1][-]{section.8.9}{\376\377\000W\000o\000r\000k\000e\000d\000\040\000E\000x\000a\000m\000p\000l\000e\000s\000:\000\040\000F\000r\000a\000c\000t\000a\000l\000\040\000E\000v\000a\000l\000u\000a\000t\000i\000o\000n\000\040\000\050\000v\0006\000.\0001\000\051}{chapter.8}% 67
\BOOKMARK [1][-]{section.8.10}{\376\377\000F\000r\000a\000c\000t\000a\000l\000\040\000T\000y\000p\000e\000\040\000T\000h\000e\000o\000r\000y}{chapter.8}% 68
\BOOKMARK [1][-]{section.8.11}{\376\377\000E\000i\000g\000e\000n\000f\000r\000a\000c\000t\000a\000l\000\040\000A\000n\000a\000l\000y\000s\000i\000s}{chapter.8}% 69
\BOOKMARK [1][-]{section.8.12}{\376\377\000C\000o\000n\000v\000e\000r\000g\000e\000n\000c\000e\000\040\000A\000n\000a\000l\000y\000s\000i\000s}{chapter.8}% 70
\BOOKMARK [1][-]{section.8.13}{\376\377\000F\000r\000a\000c\000t\000a\000l\000\040\000C\000a\000t\000e\000g\000o\000r\000i\000e\000s}{chapter.8}% 71
\BOOKMARK [-1][-]{part.5}{\376\377\000V\000\040\000C\000o\000m\000p\000l\000e\000t\000e\000\040\000D\000y\000n\000a\000m\000i\000c\000\040\000S\000e\000m\000a\000n\000t\000i\000c\000s}{}% 72
\BOOKMARK [0][-]{chapter.9}{\376\377\000E\000v\000a\000l\000u\000a\000t\000i\000o\000n\000\040\000E\000n\000v\000i\000r\000o\000n\000m\000e\000n\000t\000s\000\040\000a\000n\000d\000\040\000C\000o\000n\000t\000e\000x\000t\000s}{part.5}% 73
\BOOKMARK [1][-]{section.9.1}{\376\377\000T\000K\000S\000\040\000E\000v\000a\000l\000u\000a\000t\000i\000o\000n\000\040\000E\000n\000v\000i\000r\000o\000n\000m\000e\000n\000t}{chapter.9}% 74
\BOOKMARK [1][-]{section.9.2}{\376\377\000E\000v\000a\000l\000u\000a\000t\000i\000o\000n\000\040\000C\000o\000n\000t\000e\000x\000t\000s}{chapter.9}% 75
\BOOKMARK [0][-]{chapter.10}{\376\377\000B\000i\000g\000-\000S\000t\000e\000p\000\040\000S\000e\000m\000a\000n\000t\000i\000c\000s\000\040\000f\000o\000r\000\040\000A\000l\000l\000\040\000C\000o\000n\000s\000t\000r\000u\000c\000t\000s}{part.5}% 76
\BOOKMARK [1][-]{section.10.1}{\376\377\000E\000l\000e\000m\000e\000n\000t\000\040\000E\000v\000a\000l\000u\000a\000t\000i\000o\000n}{chapter.10}% 77
\BOOKMARK [1][-]{section.10.2}{\376\377\000N\000o\000e\000t\000i\000c\000\040\000E\000v\000a\000l\000u\000a\000t\000i\000o\000n}{chapter.10}% 78
\BOOKMARK [1][-]{section.10.3}{\376\377\000T\000o\000o\000t\000r\000a\000\040\000A\000r\000i\000t\000h\000m\000e\000t\000i\000c\000\040\000E\000v\000a\000l\000u\000a\000t\000i\000o\000n}{chapter.10}% 79
\BOOKMARK [1][-]{section.10.4}{\376\377\000F\000r\000a\000c\000t\000a\000l\000\040\000E\000v\000a\000l\000u\000a\000t\000i\000o\000n}{chapter.10}% 80
\BOOKMARK [1][-]{section.10.5}{\376\377\000R\000P\000M\000\040\000E\000v\000a\000l\000u\000a\000t\000i\000o\000n}{chapter.10}% 81
\BOOKMARK [1][-]{section.10.6}{\376\377\000A\000C\000B\000E\000\040\000F\000u\000n\000c\000t\000o\000r\000\040\000E\000v\000a\000l\000u\000a\000t\000i\000o\000n}{chapter.10}% 82
\BOOKMARK [0][-]{chapter.11}{\376\377\000S\000m\000a\000l\000l\000-\000S\000t\000e\000p\000\040\000S\000e\000m\000a\000n\000t\000i\000c\000s}{part.5}% 83
\BOOKMARK [1][-]{section.11.1}{\376\377\000V\000a\000l\000u\000e\000s\000\040\000a\000n\000d\000\040\000R\000e\000d\000e\000x\000e\000s}{chapter.11}% 84
\BOOKMARK [1][-]{section.11.2}{\376\377\000C\000o\000r\000e\000\040\000R\000e\000d\000u\000c\000t\000i\000o\000n\000\040\000R\000u\000l\000e\000s}{chapter.11}% 85
\BOOKMARK [1][-]{section.11.3}{\376\377\000N\000o\000e\000t\000i\000c\000\040\000S\000m\000a\000l\000l\000-\000S\000t\000e\000p\000\040\000R\000u\000l\000e\000s}{chapter.11}% 86
\BOOKMARK [1][-]{section.11.4}{\376\377\000F\000r\000a\000c\000t\000a\000l\000\040\000S\000m\000a\000l\000l\000-\000S\000t\000e\000p\000\040\000R\000u\000l\000e\000s}{chapter.11}% 87
\BOOKMARK [1][-]{section.11.5}{\376\377\000T\000o\000o\000t\000r\000a\000\040\000A\000r\000i\000t\000h\000m\000e\000t\000i\000c\000\040\000S\000m\000a\000l\000l\000-\000S\000t\000e\000p\000\040\000R\000u\000l\000e\000s}{chapter.11}% 88
\BOOKMARK [1][-]{section.11.6}{\376\377\000R\000P\000M\000\040\000S\000m\000a\000l\000l\000-\000S\000t\000e\000p\000\040\000R\000u\000l\000e\000s}{chapter.11}% 89
\BOOKMARK [1][-]{section.11.7}{\376\377\000A\000C\000B\000E\000\040\000S\000m\000a\000l\000l\000-\000S\000t\000e\000p\000\040\000R\000u\000l\000e\000s}{chapter.11}% 90
\BOOKMARK [1][-]{section.11.8}{\376\377\000C\000o\000n\000t\000e\000x\000t\000\040\000R\000u\000l\000e\000s}{chapter.11}% 91
\BOOKMARK [1][-]{section.11.9}{\376\377\000E\000q\000u\000i\000v\000a\000l\000e\000n\000c\000e\000\040\000w\000i\000t\000h\000\040\000B\000i\000g\000-\000S\000t\000e\000p\000\040\000S\000e\000m\000a\000n\000t\000i\000c\000s}{chapter.11}% 92
\BOOKMARK [0][-]{chapter.12}{\376\377\000D\000e\000n\000o\000t\000a\000t\000i\000o\000n\000a\000l\000\040\000S\000e\000m\000a\000n\000t\000i\000c\000s\000\040\000\050\000E\000x\000p\000a\000n\000d\000e\000d\000\051}{part.5}% 93
\BOOKMARK [1][-]{section.12.1}{\376\377\000S\000e\000m\000a\000n\000t\000i\000c\000\040\000D\000o\000m\000a\000i\000n\000s}{chapter.12}% 94
\BOOKMARK [1][-]{section.12.2}{\376\377\000E\000x\000t\000e\000n\000d\000e\000d\000\040\000S\000e\000m\000a\000n\000t\000i\000c\000\040\000F\000u\000n\000c\000t\000i\000o\000n}{chapter.12}% 95
\BOOKMARK [1][-]{section.12.3}{\376\377\000S\000o\000u\000n\000d\000n\000e\000s\000s\000\040\000T\000h\000e\000o\000r\000e\000m}{chapter.12}% 96
\BOOKMARK [-1][-]{part.6}{\376\377\000V\000I\000\040\000C\000o\000m\000p\000l\000e\000t\000e\000\040\000T\000y\000p\000e\000\040\000T\000h\000e\000o\000r\000y}{}% 97
\BOOKMARK [0][-]{chapter.13}{\376\377\000C\000o\000m\000p\000l\000e\000t\000e\000\040\000T\000y\000p\000e\000\040\000S\000y\000s\000t\000e\000m}{part.6}% 98
\BOOKMARK [1][-]{section.13.1}{\376\377\000T\000y\000p\000e\000\040\000S\000y\000n\000t\000a\000x}{chapter.13}% 99
\BOOKMARK [1][-]{section.13.2}{\376\377\000S\000u\000b\000t\000y\000p\000i\000n\000g}{chapter.13}% 100
\BOOKMARK [1][-]{section.13.3}{\376\377\000C\000o\000m\000p\000l\000e\000t\000e\000\040\000T\000y\000p\000i\000n\000g\000\040\000R\000u\000l\000e\000s}{chapter.13}% 101
\BOOKMARK [1][-]{section.13.4}{\376\377\000T\000y\000p\000e\000\040\000I\000n\000f\000e\000r\000e\000n\000c\000e}{chapter.13}% 102
\BOOKMARK [0][-]{chapter.14}{\376\377\000P\000r\000o\000g\000r\000e\000s\000s\000\040\000a\000n\000d\000\040\000P\000r\000e\000s\000e\000r\000v\000a\000t\000i\000o\000n\000\040\000P\000r\000o\000o\000f\000s}{part.6}% 103
\BOOKMARK [1][-]{section.14.1}{\376\377\000C\000a\000n\000o\000n\000i\000c\000a\000l\000\040\000F\000o\000r\000m\000s}{chapter.14}% 104
\BOOKMARK [1][-]{section.14.2}{\376\377\000P\000r\000o\000g\000r\000e\000s\000s\000\040\000T\000h\000e\000o\000r\000e\000m}{chapter.14}% 105
\BOOKMARK [1][-]{section.14.3}{\376\377\000P\000r\000e\000s\000e\000r\000v\000a\000t\000i\000o\000n\000\040\000T\000h\000e\000o\000r\000e\000m}{chapter.14}% 106
\BOOKMARK [-1][-]{part.7}{\376\377\000V\000I\000I\000\040\000A\000d\000v\000a\000n\000c\000e\000d\000\040\000T\000o\000p\000i\000c\000s}{}% 107
\BOOKMARK [0][-]{chapter.15}{\376\377\000C\000o\000n\000c\000u\000r\000r\000e\000n\000c\000y\000\040\000M\000o\000d\000e\000l\000\040\000\050\000P\000r\000o\000t\000o\000t\000y\000p\000e\000\051}{part.7}% 108
\BOOKMARK [1][-]{section.15.1}{\376\377\000M\000o\000t\000i\000v\000a\000t\000i\000o\000n}{chapter.15}% 109
\BOOKMARK [1][-]{section.15.2}{\376\377\000P\000a\000r\000a\000l\000l\000e\000l\000\040\000F\000r\000a\000c\000t\000a\000l\000\040\000C\000o\000m\000p\000o\000s\000i\000t\000i\000o\000n}{chapter.15}% 110
\BOOKMARK [1][-]{section.15.3}{\376\377\000S\000y\000n\000c\000h\000r\000o\000n\000i\000z\000a\000t\000i\000o\000n\000\040\000P\000r\000i\000m\000i\000t\000i\000v\000e\000s}{chapter.15}% 111
\BOOKMARK [1][-]{section.15.4}{\376\377\000D\000e\000t\000e\000r\000m\000i\000n\000a\000c\000y\000\040\000A\000n\000a\000l\000y\000s\000i\000s}{chapter.15}% 112
\BOOKMARK [1][-]{section.15.5}{\376\377\000P\000a\000r\000a\000l\000l\000e\000l\000\040\000E\000v\000a\000l\000u\000a\000t\000i\000o\000n\000\040\000R\000u\000l\000e\000s}{chapter.15}% 113
\BOOKMARK [1][-]{section.15.6}{\376\377\000E\000x\000a\000m\000p\000l\000e\000:\000\040\000P\000a\000r\000a\000l\000l\000e\000l\000\040\000D\000o\000m\000a\000i\000n\000\040\000T\000r\000a\000n\000s\000f\000o\000r\000m\000a\000t\000i\000o\000n}{chapter.15}% 114
\BOOKMARK [0][-]{chapter.16}{\376\377\000Q\000u\000a\000n\000t\000u\000m\000\040\000N\000o\000e\000t\000i\000c\000\040\000A\000l\000g\000e\000b\000r\000a\000\040\000\050\000P\000r\000o\000t\000o\000t\000y\000p\000e\000\051}{part.7}% 115
\BOOKMARK [1][-]{section.16.1}{\376\377\000M\000o\000t\000i\000v\000a\000t\000i\000o\000n}{chapter.16}% 116
\BOOKMARK [1][-]{section.16.2}{\376\377\000Q\000u\000a\000n\000t\000u\000m\000\040\000I\000d\000e\000a\000\040\000S\000p\000a\000c\000e}{chapter.16}% 117
\BOOKMARK [1][-]{section.16.3}{\376\377\000N\000o\000e\000t\000i\000c\000s\000\040\000a\000s\000\040\000Q\000u\000a\000n\000t\000u\000m\000\040\000O\000p\000e\000r\000a\000t\000o\000r\000s}{chapter.16}% 118
\BOOKMARK [1][-]{section.16.4}{\376\377\000S\000u\000p\000e\000r\000p\000o\000s\000i\000t\000i\000o\000n\000\040\000a\000n\000d\000\040\000M\000e\000a\000s\000u\000r\000e\000m\000e\000n\000t}{chapter.16}% 119
\BOOKMARK [1][-]{section.16.5}{\376\377\000C\000o\000m\000m\000u\000t\000a\000t\000i\000o\000n\000\040\000R\000e\000l\000a\000t\000i\000o\000n\000s}{chapter.16}% 120
\BOOKMARK [1][-]{section.16.6}{\376\377\000Q\000u\000a\000n\000t\000u\000m\000\040\000F\000r\000a\000c\000t\000a\000l\000s}{chapter.16}% 121
\BOOKMARK [1][-]{section.16.7}{\376\377\000E\000n\000t\000a\000n\000g\000l\000e\000m\000e\000n\000t}{chapter.16}% 122
\BOOKMARK [1][-]{section.16.8}{\376\377\000Q\000u\000a\000n\000t\000u\000m\000\040\000R\000P\000M}{chapter.16}% 123
\BOOKMARK [1][-]{section.16.9}{\376\377\000I\000n\000t\000e\000r\000p\000r\000e\000t\000a\000t\000i\000o\000n}{chapter.16}% 124
\BOOKMARK [-1][-]{part.8}{\376\377\000V\000I\000I\000I\000\040\000L\000a\000n\000g\000u\000a\000g\000e\000\040\000S\000p\000e\000c\000i\000f\000i\000c\000a\000t\000i\000o\000n\000\040\000a\000n\000d\000\040\000I\000m\000p\000l\000e\000m\000e\000n\000t\000a\000t\000i\000o\000n}{}% 125
\BOOKMARK [0][-]{chapter.17}{\376\377\000L\000a\000n\000g\000u\000a\000g\000e\000\040\000S\000p\000e\000c\000i\000f\000i\000c\000a\000t\000i\000o\000n}{part.8}% 126
\BOOKMARK [1][-]{section.17.1}{\376\377\000A\000b\000s\000t\000r\000a\000c\000t\000\040\000S\000y\000n\000t\000a\000x}{chapter.17}% 127
\BOOKMARK [1][-]{section.17.2}{\376\377\000L\000e\000x\000i\000c\000a\000l\000\040\000C\000o\000n\000v\000e\000n\000t\000i\000o\000n\000s}{chapter.17}% 128
\BOOKMARK [1][-]{section.17.3}{\376\377\000P\000r\000e\000c\000e\000d\000e\000n\000c\000e\000\040\000a\000n\000d\000\040\000A\000s\000s\000o\000c\000i\000a\000t\000i\000v\000i\000t\000y}{chapter.17}% 129
\BOOKMARK [0][-]{chapter.18}{\376\377\000I\000m\000p\000l\000e\000m\000e\000n\000t\000a\000t\000i\000o\000n\000\040\000A\000r\000c\000h\000i\000t\000e\000c\000t\000u\000r\000e}{part.8}% 130
\BOOKMARK [1][-]{section.18.1}{\376\377\000C\000o\000m\000p\000o\000n\000e\000n\000t\000\040\000O\000v\000e\000r\000v\000i\000e\000w}{chapter.18}% 131
\BOOKMARK [1][-]{section.18.2}{\376\377\000D\000a\000t\000a\000\040\000S\000t\000r\000u\000c\000t\000u\000r\000e\000\040\000R\000e\000c\000o\000m\000m\000e\000n\000d\000a\000t\000i\000o\000n\000s}{chapter.18}% 132
\BOOKMARK [1][-]{section.18.3}{\376\377\000E\000v\000a\000l\000u\000a\000t\000i\000o\000n\000\040\000S\000t\000r\000a\000t\000e\000g\000y}{chapter.18}% 133
\BOOKMARK [1][-]{section.18.4}{\376\377\000E\000r\000r\000o\000r\000\040\000H\000a\000n\000d\000l\000i\000n\000g}{chapter.18}% 134
\BOOKMARK [-1][-]{part.9}{\376\377\000I\000X\000\040\000A\000p\000p\000l\000i\000c\000a\000t\000i\000o\000n\000s\000\040\000a\000n\000d\000\040\000R\000e\000f\000e\000r\000e\000n\000c\000e}{}% 135
\BOOKMARK [0][-]{chapter.19}{\376\377\000C\000o\000m\000p\000r\000e\000h\000e\000n\000s\000i\000v\000e\000\040\000W\000o\000r\000k\000e\000d\000\040\000E\000x\000a\000m\000p\000l\000e\000s}{part.9}% 136
\BOOKMARK [1][-]{section.19.1}{\376\377\000F\000o\000u\000n\000d\000a\000t\000i\000o\000n\000\040\000E\000x\000a\000m\000p\000l\000e\000s}{chapter.19}% 137
\BOOKMARK [1][-]{section.19.2}{\376\377\000F\000r\000a\000c\000t\000a\000l\000\040\000A\000p\000p\000l\000i\000c\000a\000t\000i\000o\000n\000\040\000E\000x\000a\000m\000p\000l\000e\000s}{chapter.19}% 138
\BOOKMARK [1][-]{section.19.3}{\376\377\000R\000P\000M\000\040\000M\000o\000n\000a\000d\000\040\000E\000x\000a\000m\000p\000l\000e\000s}{chapter.19}% 139
\BOOKMARK [1][-]{section.19.4}{\376\377\000T\000y\000p\000e\000\040\000D\000e\000r\000i\000v\000a\000t\000i\000o\000n\000\040\000E\000x\000a\000m\000p\000l\000e\000s}{chapter.19}% 140
\BOOKMARK [1][-]{section.19.5}{\376\377\000I\000n\000t\000e\000g\000r\000a\000t\000e\000d\000\040\000E\000x\000a\000m\000p\000l\000e\000s}{chapter.19}% 141
\BOOKMARK [1][-]{section.19.6}{\376\377\000A\000d\000d\000i\000t\000i\000o\000n\000a\000l\000\040\000E\000x\000a\000m\000p\000l\000e\000s}{chapter.19}% 142
\BOOKMARK [0][-]{chapter.20}{\376\377\000R\000e\000f\000e\000r\000e\000n\000c\000e\000\040\000T\000a\000b\000l\000e\000s}{part.9}% 143
\BOOKMARK [1][-]{section.20.1}{\376\377\000D\000o\000m\000a\000i\000n\000\040\000R\000e\000f\000e\000r\000e\000n\000c\000e}{chapter.20}% 144
\BOOKMARK [1][-]{section.20.2}{\376\377\000N\000o\000e\000t\000i\000c\000\040\000F\000u\000n\000c\000t\000i\000o\000n\000\040\000R\000e\000f\000e\000r\000e\000n\000c\000e}{chapter.20}% 145
\BOOKMARK [1][-]{section.20.3}{\376\377\000S\000t\000a\000n\000d\000a\000r\000d\000\040\000F\000r\000a\000c\000t\000a\000l\000\040\000R\000e\000f\000e\000r\000e\000n\000c\000e}{chapter.20}% 146
\BOOKMARK [1][-]{section.20.4}{\376\377\000T\000y\000p\000e\000\040\000R\000e\000f\000e\000r\000e\000n\000c\000e}{chapter.20}% 147
\BOOKMARK [0][-]{appendix.A}{\376\377\000S\000y\000m\000b\000o\000l\000\040\000I\000n\000d\000e\000x}{part.9}% 148
\BOOKMARK [0][-]{appendix.B}{\376\377\000C\000o\000m\000p\000l\000e\000t\000e\000\040\000P\000r\000o\000o\000f\000\040\000D\000e\000t\000a\000i\000l\000s}{part.9}% 149
\BOOKMARK [1][-]{section.B.1}{\376\377\000K\000e\000y\000\040\000T\000h\000e\000o\000r\000e\000m\000s\000\040\000a\000n\000d\000\040\000T\000h\000e\000i\000r\000\040\000P\000r\000o\000o\000f\000s}{appendix.B}% 150
\BOOKMARK [0][-]{appendix.C}{\376\377\000I\000m\000p\000l\000e\000m\000e\000n\000t\000a\000t\000i\000o\000n\000\040\000N\000o\000t\000e\000s}{part.9}% 151
\BOOKMARK [1][-]{section.C.1}{\376\377\000I\000n\000t\000e\000r\000p\000r\000e\000t\000e\000r\000\040\000A\000r\000c\000h\000i\000t\000e\000c\000t\000u\000r\000e}{appendix.C}% 152
\BOOKMARK [1][-]{section.C.2}{\376\377\000S\000u\000g\000g\000e\000s\000t\000e\000d\000\040\000I\000m\000p\000l\000e\000m\000e\000n\000t\000a\000t\000i\000o\000n\000\040\000O\000r\000d\000e\000r}{appendix.C}% 153
\BOOKMARK [1][-]{section.C.3}{\376\377\000T\000e\000s\000t\000i\000n\000g\000\040\000S\000t\000r\000a\000t\000e\000g\000y}{appendix.C}% 154
\BOOKMARK [0][-]{appendix.D}{\376\377\000V\000e\000r\000s\000i\000o\000n\000\040\000H\000i\000s\000t\000o\000r\000y}{part.9}% 155
